******************************************************************************
                  TI ARM Linker PC v16.9.4                     
******************************************************************************
>> Linked Sat Nov 18 18:46:41 2017

OUTPUT FILE NAME:   <sensor_cc1310lp.out>
ENTRY POINT SYMBOL: "ResetISR"  address: 000146e9


MEMORY CONFIGURATION

         name            origin    length      used     unused   attr    fill
----------------------  --------  ---------  --------  --------  ----  --------
  FLASH                 00000000   0001e000  000188ee  00005712  R  X
  FLASH_NV              0001e000   00001000  00001000  00000000  RW X
  FLASH_LAST            0001f000   00001000  00000b40  000004c0  R  X
  SRAM                  20000000   00005000  0000331f  00001ce1  RW X


SEGMENT ALLOCATION MAP

run origin  load origin   length   init length attrs members
----------  ----------- ---------- ----------- ----- -------
00000000    00000000    00000bf4   00000bf4    r--
  00000000    00000000    0000003c   0000003c    r-- .resetVecs
  0000003c    0000003c    00000bb8   00000bb8    r-- .const
00001000    00001000    00017d08   00017d08    r-x
  00001000    00001000    0000003c   0000003c    r-- .const:ti_sysbios_knl_Task_Object__PARAMS__C
  0000103c    0000103c    00000034   00000034    r-- .const:ti_sysbios_knl_Mailbox_Object__PARAMS__C
  00001070    00001070    00000030   00000030    r-- .const:ti_sysbios_family_arm_m3_Hwi_Object__PARAMS__C
  000010a0    000010a0    0000002c   0000002c    r-- .const:ti_sysbios_hal_Hwi_Object__PARAMS__C
  000010cc    000010cc    00000028   00000028    r-- .const:ti_sysbios_heaps_HeapMem_Module__FXNS__C
  000010f4    000010f4    00000028   00000028    r-- .const:ti_sysbios_knl_Swi_Object__PARAMS__C
  0000111c    0000111c    00000024   00000024    r-- .const:ti_sysbios_gates_GateHwi_Module__FXNS__C
  00001140    00001140    00000024   00000024    r-- .const:ti_sysbios_gates_GateMutex_Module__FXNS__C
  00001164    00001164    00000024   00000024    r-- .const:ti_sysbios_heaps_HeapMem_Object__PARAMS__C
  00001188    00001188    00000024   00000024    r-- .const:ti_sysbios_knl_Clock_Object__PARAMS__C
  000011ac    000011ac    00000024   00000024    r-- .const:ti_sysbios_knl_Semaphore_Object__PARAMS__C
  000011d0    000011d0    00000020   00000020    r-- .const:ti_sysbios_family_arm_m3_Hwi_Object__DESC__C
  000011f0    000011f0    00000020   00000020    r-- .const:ti_sysbios_gates_GateHwi_Object__DESC__C
  00001210    00001210    00000020   00000020    r-- .const:ti_sysbios_gates_GateMutex_Object__DESC__C
  00001230    00001230    00000020   00000020    r-- .const:ti_sysbios_hal_Hwi_Object__DESC__C
  00001250    00001250    00000020   00000020    r-- .const:ti_sysbios_heaps_HeapMem_Object__DESC__C
  00001270    00001270    00000020   00000020    r-- .const:ti_sysbios_knl_Clock_Object__DESC__C
  00001290    00001290    00000020   00000020    r-- .const:ti_sysbios_knl_Mailbox_Object__DESC__C
  000012b0    000012b0    00000020   00000020    r-- .const:ti_sysbios_knl_Queue_Object__DESC__C
  000012d0    000012d0    00000020   00000020    r-- .const:ti_sysbios_knl_Semaphore_Object__DESC__C
  000012f0    000012f0    00000020   00000020    r-- .const:ti_sysbios_knl_Swi_Object__DESC__C
  00001310    00001310    00000020   00000020    r-- .const:ti_sysbios_knl_Task_Object__DESC__C
  00001330    00001330    00000018   00000018    r-- .const:ti_sysbios_gates_GateHwi_Object__PARAMS__C
  00001348    00001348    00000018   00000018    r-- .const:ti_sysbios_gates_GateMutex_Object__PARAMS__C
  00001360    00001360    00000018   00000018    r-- .const:ti_sysbios_knl_Queue_Object__PARAMS__C
  00001378    00001378    00000008   00000008    r-- .const:ti_sysbios_knl_Idle_funcList__C
  00001384    00001384    00000004   00000004    r-- .const:ti_sysbios_family_arm_cc26xx_Timer_startupNeeded__C
  00001388    00001388    00000004   00000004    r-- .const:ti_sysbios_family_arm_m3_Hwi_E_alreadyDefined__C
  0000138c    0000138c    00000004   00000004    r-- .const:ti_sysbios_family_arm_m3_Hwi_E_hwiLimitExceeded__C
  00001390    00001390    00000004   00000004    r-- .const:ti_sysbios_family_arm_m3_Hwi_NUM_INTERRUPTS__C
  00001394    00001394    00000004   00000004    r-- .const:ti_sysbios_family_arm_m3_Hwi_Object__count__C
  00001398    00001398    00000004   00000004    r-- .const:ti_sysbios_family_arm_m3_Hwi_Object__table__C
  0000139c    0000139c    00000004   00000004    r-- .const:ti_sysbios_family_arm_m3_Hwi_ccr__C
  000013a0    000013a0    00000004   00000004    r-- .const:ti_sysbios_family_arm_m3_Hwi_excHandlerFunc__C
  000013a4    000013a4    00000004   00000004    r-- .const:ti_sysbios_family_arm_m3_Hwi_nullIsrFunc__C
  000013a8    000013a8    00000004   00000004    r-- .const:ti_sysbios_family_arm_m3_Hwi_numSparseInterrupts__C
  000013ac    000013ac    00000004   00000004    r-- .const:ti_sysbios_family_arm_m3_Hwi_priGroup__C
  000013b0    000013b0    00000004   00000004    r-- .const:ti_sysbios_family_arm_m3_TaskSupport_stackAlignment__C
  000013b4    000013b4    00000004   00000004    r-- .const:ti_sysbios_heaps_HeapMem_E_memory__C
  000013b8    000013b8    00000004   00000004    r-- .const:ti_sysbios_heaps_HeapMem_Module__gateObj__C
  000013bc    000013bc    00000004   00000004    r-- .const:ti_sysbios_heaps_HeapMem_Object__count__C
  000013c0    000013c0    00000004   00000004    r-- .const:ti_sysbios_heaps_HeapMem_Object__table__C
  000013c4    000013c4    00000004   00000004    r-- .const:ti_sysbios_heaps_HeapMem_reqAlign__C
  000013c8    000013c8    00000004   00000004    r-- .const:ti_sysbios_knl_Clock_serviceMargin__C
  000013cc    000013cc    00000004   00000004    r-- .const:ti_sysbios_knl_Mailbox_Object__count__C
  000013d0    000013d0    00000004   00000004    r-- .const:ti_sysbios_knl_Mailbox_Object__table__C
  000013d4    000013d4    00000004   00000004    r-- .const:ti_sysbios_knl_Mailbox_maxTypeAlign__C
  000013d8    000013d8    00000004   00000004    r-- .const:ti_sysbios_knl_Queue_Object__count__C
  000013dc    000013dc    00000004   00000004    r-- .const:ti_sysbios_knl_Queue_Object__table__C
  000013e0    000013e0    00000004   00000004    r-- .const:ti_sysbios_knl_Swi_Object__count__C
  000013e4    000013e4    00000004   00000004    r-- .const:ti_sysbios_knl_Swi_Object__table__C
  000013e8    000013e8    00000004   00000004    r-- .const:ti_sysbios_knl_Swi_numPriorities__C
  000013ec    000013ec    00000004   00000004    r-- .const:ti_sysbios_knl_Task_Object__count__C
  000013f0    000013f0    00000004   00000004    r-- .const:ti_sysbios_knl_Task_Object__table__C
  000013f4    000013f4    00000004   00000004    r-- .const:ti_sysbios_knl_Task_allBlockedFunc__C
  000013f8    000013f8    00000004   00000004    r-- .const:ti_sysbios_knl_Task_defaultStackHeap__C
  000013fc    000013fc    00000004   00000004    r-- .const:ti_sysbios_knl_Task_defaultStackSize__C
  00001400    00001400    00000004   00000004    r-- .const:ti_sysbios_knl_Task_numConstructedTasks__C
  00001406    00001406    00000002   00000002    r-- .const:ti_sysbios_family_arm_cc26xx_Timer_Module__id__C
  00001408    00001408    00000002   00000002    r-- .const:ti_sysbios_family_arm_cc26xx_TimestampProvider_useClockTimer__C
  0000140a    0000140a    00000002   00000002    r-- .const:ti_sysbios_family_arm_m3_Hwi_Module__id__C
  0000140c    0000140c    00000002   00000002    r-- .const:ti_sysbios_gates_GateHwi_Module__id__C
  0000140e    0000140e    00000002   00000002    r-- .const:ti_sysbios_gates_GateMutex_Module__id__C
  00001410    00001410    00000002   00000002    r-- .const:ti_sysbios_heaps_HeapMem_Module__id__C
  00001412    00001412    00000002   00000002    r-- .const:ti_sysbios_knl_Task_initStackFlag__C
  00001414    00001414    00000001   00000001    r-- .const:ti_sysbios_knl_Clock_tickMode__C
  00001418    00001418    00000008   00000008    r-- .const:xdc_runtime_Startup_firstFxns__C
  00001420    00001420    00000008   00000008    r-- .const:xdc_runtime_Startup_lastFxns__C
  00001428    00001428    00000004   00000004    r-- .const:xdc_runtime_Assert_E_assertFailed__C
  0000142c    0000142c    00000004   00000004    r-- .const:xdc_runtime_Error_E_memory__C
  00001430    00001430    00000004   00000004    r-- .const:xdc_runtime_Error_policyFxn__C
  00001434    00001434    00000004   00000004    r-- .const:xdc_runtime_IGateProvider_Interface__BASE__C
  00001438    00001438    00000004   00000004    r-- .const:xdc_runtime_IHeap_Interface__BASE__C
  0000143c    0000143c    00000004   00000004    r-- .const:xdc_runtime_IModule_Interface__BASE__C
  00001440    00001440    00000004   00000004    r-- .const:xdc_runtime_Main_Module__diagsEnabled__C
  00001444    00001444    00000004   00000004    r-- .const:xdc_runtime_Main_Module__diagsIncluded__C
  00001448    00001448    00000004   00000004    r-- .const:xdc_runtime_Main_Module__diagsMask__C
  0000144c    0000144c    00000004   00000004    r-- .const:xdc_runtime_Memory_defaultHeapInstance__C
  00001450    00001450    00000004   00000004    r-- .const:xdc_runtime_Startup_execImpl__C
  00001454    00001454    00000004   00000004    r-- .const:xdc_runtime_Startup_maxPasses__C
  00001458    00001458    00000004   00000004    r-- .const:xdc_runtime_Startup_sfxnRts__C
  0000145c    0000145c    00000004   00000004    r-- .const:xdc_runtime_Startup_sfxnTab__C
  00001460    00001460    00000004   00000004    r-- .const:xdc_runtime_Startup_startModsFxn__C
  00001464    00001464    00000004   00000004    r-- .const:xdc_runtime_SysCallback_abortFxn__C
  00001468    00001468    00000004   00000004    r-- .const:xdc_runtime_SysCallback_exitFxn__C
  0000146c    0000146c    00000004   00000004    r-- .const:xdc_runtime_System_abortFxn__C
  00001470    00001470    00000004   00000004    r-- .const:xdc_runtime_System_exitFxn__C
  00001474    00001474    00000004   00000004    r-- .const:xdc_runtime_System_maxAtexitHandlers__C
  00001478    00001478    00000004   00000004    r-- .const:xdc_runtime_Text_charTab__C
  0000147c    0000147c    00000004   00000004    r-- .const:xdc_runtime_Text_nameEmpty__C
  00001480    00001480    00000004   00000004    r-- .const:xdc_runtime_Text_nameStatic__C
  00001484    00001484    00000004   00000004    r-- .const:xdc_runtime_Text_nameUnknown__C
  00001488    00001488    00000002   00000002    r-- .const:xdc_runtime_Main_Module__id__C
  0000148a    0000148a    00000002   00000002    r-- .const:xdc_runtime_Memory_Module__id__C
  0000148c    0000148c    00000002   00000002    r-- .const:xdc_runtime_Text_charCnt__C
  0000148e    0000148e    00000002   00000002    r-- .const:xdc_runtime_Text_isLoaded__C
  00001490    00001490    00000001   00000001    r-- .const:xdc_runtime_Error_policy__C
  00001494    00001494    00000004   00000004    r-- .const:ti_sysbios_rom_ROM_AONRTCChannelEnable
  00001498    00001498    00000004   00000004    r-- .const:ti_sysbios_rom_ROM_AONRTCCompareValueSet
  0000149c    0000149c    00000004   00000004    r-- .const:ti_sysbios_rom_ROM_AONRTCCurrentCompareValueGet
  000014a0    000014a0    00000004   00000004    r-- .const:ti_sysbios_rom_ROM_AONRTCEventClear
  000014a4    000014a4    00000004   00000004    r-- .const:ti_sysbios_rom_ROM_ti_sysbios_family_arm_cc26xx_Timer_getCount64__E
  000014a8    000014a8    00000004   00000004    r-- .const:ti_sysbios_rom_ROM_ti_sysbios_family_arm_cc26xx_Timer_getCurrentTick__E
  000014ac    000014ac    00000004   00000004    r-- .const:ti_sysbios_rom_ROM_ti_sysbios_family_arm_cc26xx_Timer_getMaxTicks__E
  000014b0    000014b0    00000004   00000004    r-- .const:ti_sysbios_rom_ROM_ti_sysbios_family_arm_cc26xx_Timer_initDevice__I
  000014b4    000014b4    00000004   00000004    r-- .const:ti_sysbios_rom_ROM_ti_sysbios_family_arm_cc26xx_Timer_setNextTick__E
  000014b8    000014b8    00000004   00000004    r-- .const:ti_sysbios_rom_ROM_ti_sysbios_family_arm_cc26xx_Timer_setThreshold__I
  000014bc    000014bc    00000004   00000004    r-- .const:ti_sysbios_rom_ROM_ti_sysbios_family_arm_cc26xx_Timer_start__E
  000014c0    000014c0    00000004   00000004    r-- .const:ti_sysbios_rom_ROM_ti_sysbios_family_arm_cc26xx_TimestampProvider_get32__E
  000014c4    000014c4    00000004   00000004    r-- .const:ti_sysbios_rom_ROM_xdc_runtime_Startup_getState__I
  000014c8    000014c8    00000004   00000004    r-- .const:ti_sysbios_rom_ROM_xdc_runtime_System_SupportProxy_abort__E
  000014cc    000014cc    00000004   00000004    r-- .const:ti_sysbios_rom_ROM_xdc_runtime_System_SupportProxy_exit__E
  000014d0    000014d0    00000004   00000004    r-- .const:ti_sysbios_gates_GateMutex_Instance_State_sem__O
  000014d4    000014d4    00000004   00000004    r-- .const:ti_sysbios_knl_Clock_Module_State_clockQ__O
  000014d8    000014d8    00000004   00000004    r-- .const:ti_sysbios_knl_Mailbox_Instance_State_dataQue__O
  000014dc    000014dc    00000004   00000004    r-- .const:ti_sysbios_knl_Mailbox_Instance_State_dataSem__O
  000014e0    000014e0    00000004   00000004    r-- .const:ti_sysbios_knl_Mailbox_Instance_State_freeQue__O
  000014e4    000014e4    00000004   00000004    r-- .const:ti_sysbios_knl_Mailbox_Instance_State_freeSem__O
  000014e8    000014e8    00000004   00000004    r-- .const:ti_sysbios_knl_Semaphore_Instance_State_pendQ__O
  000014ec    000014ec    00000004   00000004    r-- .const:ti_sysbios_knl_Task_Module_State_inactiveQ__O
  000014f0    000014f0    00016910   00016910    r-x .text
  00017e00    00017e00    00000a56   00000a56    r-- config_const
  00018858    00018858    000004b0   000004b0    r-- .cinit
0001e000    0001e000    00001ae8   00001ae8    r-x
  0001e000    0001e000    00001000   00001000    r-- .TI.bound:NV_FLASH
  0001f000    0001f000    00000ae8   00000ae8    r-x flash_last_text
0001ffa8    0001ffa8    00000058   00000058    r--
  0001ffa8    0001ffa8    00000058   00000058    r-- .ccfg
20000100    20000100    00002d5b   00000000    rw-
  20000100    20000100    00000044   00000000    rw- .data:ti_sysbios_knl_Task_Module__state__V
  20000144    20000144    00000034   00000000    rw- .data:ti_sysbios_family_arm_m3_Hwi_Module__state__V
  20000178    20000178    0000002c   00000000    rw- .data:ti_sysbios_knl_Clock_Module__state__V
  200001a4    200001a4    00000024   00000000    rw- .data:ti_sysbios_BIOS_Module__state__V
  200001c8    200001c8    0000001c   00000000    rw- .data:ti_sysbios_knl_Swi_Module__state__V
  200001e4    200001e4    00000008   00000000    rw- .data:ti_sysbios_family_arm_cc26xx_Timer_Module__state__V
  200001ec    200001ec    00000004   00000000    rw- .data:ti_sysbios_family_arm_cc26xx_TimestampProvider_Module__state__V
  200001f0    200001f0    00000008   00000000    rw- .data:xdc_runtime_Startup_Module__state__V
  200001f8    200001f8    00000008   00000000    rw- .data:xdc_runtime_System_Module__state__V
  20000200    20000200    00000004   00000000    rw- .data:xdc_runtime_Memory_Module__state__V
  20000208    20000208    000018d1   00000000    rw- .data
  20001ae0    20001ae0    0000137b   00000000    rw- .bss
20004b00    20004b00    00000500   00000000    rw-
  20004b00    20004b00    00000500   00000000    rw- .stack


SECTION ALLOCATION MAP

 output                                  attributes/
section   page    origin      length       input sections
--------  ----  ----------  ----------   ----------------
.const     0    0000003c    00000bb8     
                  0000003c    000001ac     fh_pib.obj (.const:$O6$$)
                  000001e8    000001a0     mac_pib.obj (.const:$O9$$)
                  00000388    0000017c     maclib_secure.a : mac_main.obj (.const:$O36$$)
                  00000504    000000fa                     : fh_sm.obj (.const:FH_stateMatrix)
                  000005fe    00000002     jdllc.obj (.const:keyUsageList$33)
                  00000600    000000cc     icall.obj (.const:$O2$$)
                  000006cc    00000088     jdllc.obj (.const:$O21$$)
                  00000754    0000006e     maclib_secure.a : mac_main.obj (.const:macIdleSt)
                  000007c2    0000006e                     : mac_main.obj (.const:macScanningSt)
                  00000830    0000006c                     : mac_data.obj (.const:$O33$$)
                  0000089c    0000004c     drivers_cc13x0.aem3 : PowerCC26XX.oem3 (.const:resourceDB)
                  000008e8    00000048     app_pem3.oem3 (.const:.string)
                  00000930    00000040     drivers_cc13x0.aem3 : UARTCC26XX.oem3 (.const:$O1$$)
                  00000970    00000040     maclib_secure.a : mac_timer.obj (.const:macTimerRolloverValue)
                  000009b0    00000034     CC13X0_LAUNCHXL.obj (.const:BoardGpioInitTable)
                  000009e4    0000002c     mac_security_pib.obj (.const:macSecurityPibTbl$15)
                  00000a10    00000028     drivers_cc13x0.aem3 : UARTCC26XX.oem3 (.const:UARTCC26XX_fxnTable)
                  00000a38    00000024                         : UART.oem3 (.const:UART_defaultParams)
                  00000a5c    00000024     app_pem3.oem3 (.const:xdc_runtime_Startup_sfxnTab__A)
                  00000a80    00000020     CC13X0_LAUNCHXL.obj (.const:uartCC26XXHWAttrs)
                  00000aa0    0000001c     rf_multiMode_cc13x0.aem3 : RFCC26XX_multiMode.oem3 (.const:RF_defaultParams)
                  00000abc    00000018     CC13X0_LAUNCHXL.obj (.const:PowerCC26XX_config)
                  00000ad4    00000018     CC13X0_LAUNCHXL.obj (.const:UART_config)
                  00000aec    00000018     jdllc.obj (.const:keyDeviceList$33)
                  00000b04    00000018     driverlib.lib : rfc.obj (.const:rfc_defaultIrqAddr$101)
                  00000b1c    00000013     macstack.obj (.const:.string:msacbackSizeTable)
                  00000b2f    00000001     app_pem3.oem3 (.const:xdc_runtime_Text_charTab__A)
                  00000b30    00000012     app_pem3.oem3 (.const:xdc_runtime_Startup_sfxnRts__A)
                  00000b42    00000002     app_pem3.oem3 (.const:xdc_runtime_Text_registryModsLastId__C)
                  00000b44    00000010     CC13X0_LAUNCHXL.obj (.const:CryptoCC26XX_config)
                  00000b54    00000010     CC13X0_LAUNCHXL.obj (.const:cryptoCC26XXHWAttrs)
                  00000b64    0000000c     maclib_secure.a : mac_security.obj (.const:$O40$$)
                  00000b70    0000000c     app_pem3.oem3 (.const:xdc_runtime_Startup_firstFxns__A)
                  00000b7c    00000008     maclib_secure.a : mac_rx.obj (.const:$O46$$)
                  00000b84    00000008                     : fh_api.obj (.const:.string:$P$T0$1$54)
                  00000b8c    00000008                     : fh_ie.obj (.const:.string:$P$T0$1$56)
                  00000b94    00000008                     : fh_nt.obj (.const:.string:FH_InValidEUI)
                  00000b9c    00000008     main.obj (.const:.string:dummyExtAddr$35)
                  00000ba4    00000008     maclib_secure.a : fh_data.obj (.const:.string:fhSupFrameTypes)
                  00000bac    00000008     CC13X0_LAUNCHXL.obj (.const:PINCC26XX_hwAttrs)
                  00000bb4    00000008     app_pem3.oem3 (.const:ti_sysbios_knl_Idle_funcList__A)
                  00000bbc    00000006     ssf.obj (.const:nvResetId$37)
                  00000bc2    00000004     CC13X0_LAUNCHXL.obj (.const)
                  00000bc6    00000004     CC13X0_LAUNCHXL.obj (.const:RFCC26XX_hwAttrs)
                  00000bca    00000002     app_pem3.oem3 (.const:xdc_runtime_Text_unnamedModsLastId__C)
                  00000bcc    00000004     icall_cc2650.obj (.const:events$1$1)
                  00000bd0    00000004     osaltasks.obj (.const:tasksArr)
                  00000bd4    00000004     app_pem3.oem3 (.const:ti_sysbios_family_arm_m3_Hwi_swiDisable__C)
                  00000bd8    00000004     app_pem3.oem3 (.const:ti_sysbios_family_arm_m3_Hwi_swiRestoreHwi__C)
                  00000bdc    00000004     app_pem3.oem3 (.const:ti_sysbios_knl_Clock_tickPeriod__C)
                  00000be0    00000004     app_pem3.oem3 (.const:ti_sysbios_knl_Clock_triggerClock__C)
                  00000be4    00000004     app_pem3.oem3 (.const:xdc_runtime_SysCallback_putchFxn__C)
                  00000be8    00000004     app_pem3.oem3 (.const:xdc_runtime_SysCallback_readyFxn__C)
                  00000bec    00000004     app_pem3.oem3 (.const:xdc_runtime_System_extendFxn__C)
                  00000bf0    00000004     app_pem3.oem3 (.const:xdc_runtime_Text_visitRopeFxn__C)

.text      0    000014f0    00016910     
                  000014f0    000009bc     maclib_secure.a : mac.obj (.text:macRxCb$72)
                  00001eac    00000618                     : mac_rx.obj (.text:rxPayloadIsr$77)
                  000024c4    00000500     driverlib.lib : setup.obj (.text:TrimAfterColdResetWakeupFromShutDown$46)
                  000029c4    00000442     maclib_secure.a : fh_ie.obj (.text:FHIE_parsePie)
                  00002e06    00000002                     : fh_util.obj (.text:FHUTIL_noAction)
                  00002e08    0000042c     icall_startup.obj (.text:startup_entry)
                  00003234    000003f8     main.obj (.text:taskFxn)
                  0000362c    000003f0     rf_multiMode_cc13x0.aem3 : RFCC26XX_multiMode.oem3 (.text:fsmActiveState)
                  00003a1c    00000394     maclib_secure.a : mac_mgmt.obj (.text:macBuildHeader)
                  00003db0    00000390     sensor.obj (.text:Sensor_process)
                  00004140    0000036e     api_mac.obj (.text:processIncomingICallMsg$31)
                  000044ae    00000002     maclib_secure.a : fh_data.obj (.text:FH_startEDFETimer)
                  000044b0    00000360                     : mac_radio.obj (.text:macRadioInit)
                  00004810    0000033c     rom_sysbios.aem3 : rom_sysbios.obj (.text:xdc_runtime_System_doPrint__I)
                  00004b4c    0000030c     drivers_cc13x0.aem3 : PowerCC26XX_calibrateRCOSC.oem3 (.text:PowerCC26XX_auxISR)
                  00004e58    000002dc     maclib_secure.a : mac_radio_tx.obj (.text:macRadioTxGo)
                  00005134    000002d8                     : fh_api.obj (.text:FHAPI_getTxParams_old)
                  0000540c    000002c6                     : fh_ie.obj (.text:FHIE_gen)
                  000056d2    00000002     rf_multiMode_cc13x0.aem3 : RFCC26XX_multiMode.oem3 (.text:defaultCallback)
                  000056d4    000002c0     osal.obj (.text:osal_start_system)
                  00005994    000002ac     maclib_secure.a : fh_ie.obj (.text:FHIE_genPieContent$56)
                  00005c40    00000284     macwrapper.obj (.text:macWrapperAddDevice)
                  00005ec4    0000025c     maclib_secure.a : fh_api.obj (.text:FHAPI_completeRxCb)
                  00006120    00000258     sensor.obj (.text:processSensorMsgEvt$36)
                  00006378    0000024c     sensor.obj (.text:dataIndCB$36)
                  000065c4    00000248     maclib_secure.a : mac_data.obj (.text:MAC_McpsDataReq)
                  0000680c    00000240                     : mac_mgmt.obj (.text:MAC_MlmeResetReq)
                  00006a4c    00000228     mac_pib.obj (.text:MAC_MlmeSetReq)
                  00006c74    00000228     driverlib.lib : sys_ctrl.obj (.text:NOROM_SysCtrlSetRechargeBeforePowerDown)
                  00006e9c    00000224     drivers_cc13x0.aem3 : PowerCC26XX.oem3 (.text:Power_sleep)
                  000070c0    00000224     maclib_secure.a : mac_mgmt.obj (.text:macBuildCommonReq)
                  000072e4    0000021e     rtsv7M3_T_le_eabi.lib : ll_div_t2.obj (.text)
                  00007502    0000020e     maclib_secure.a : mac_security.obj (.text:macIncomingFrameSecurityMaterialRetrieval)
                  00007710    0000020c                     : mac_pwr.obj (.text:macPwrVote)
                  0000791c    00000208     drivers_cc13x0.aem3 : CryptoCC26XX.oem3 (.text:cryptoTransactionExecute)
                  00007b24    00000208     maclib_secure.a : mac_device.obj (.text:macApiAssociateReq)
                  00007d2c    00000204                     : fh_api.obj (.text:FHAPI_sendData)
                  00007f30    00000200                     : mac_beacon_device.obj (.text:macRxBeaconCritical)
                  00008130    000001fc     rf_multiMode_cc13x0.aem3 : RFCC26XX_multiMode.oem3 (.text:RF_open)
                  0000832c    000001f4     maclib_secure.a : fh_api.obj (.text:FHAPI_start)
                  00008520    000001f4     rtsv7M3_T_le_eabi.lib : ull_div_t2.obj (.text)
                  00008714    000001d4     mac_security_pib.obj (.text:MAC_MlmeSetSecurityReq)
                  000088e8    000001c6     maclib_secure.a : fh_ie.obj (.text:FHIE_extractPie)
                  00008aae    00000002     drivers_cc13x0.aem3 : PowerCC26XX.oem3 (.text:emptyClockFunc)
                  00008ab0    000001c4     maclib_secure.a : mac_data.obj (.text:macApiDataReq)
                  00008c74    000001c4                     : mac_tx.obj (.text:txCsmaPrep$81)
                  00008e38    000001c0     macstack.obj (.text:macStackEventLoop)
                  00008ff8    000001bc     drivers_cc13x0.aem3 : PINCC26XX.oem3 (.text:PIN_init)
                  000091b4    000001bc     maclib_secure.a : mac_scan.obj (.text:macApiScanReq)
                  00009370    000001b4                     : fh_ie.obj (.text:FHIE_parseCommonInformation$56)
                  00009524    000001a4                     : mac_tx.obj (.text:macTxFrame)
                  000096c8    0000019c                     : fh_nt.obj (.text:FHNT_getEntry)
                  00009864    0000019c     rf_multiMode_cc13x0.aem3 : RFCC26XX_multiMode.oem3 (.text:fsmSetupState)
                  00009a00    0000019c     maclib_secure.a : mac_data.obj (.text:macTxCompleteCallback)
                  00009b9c    00000194     rf_multiMode_cc13x0.aem3 : RFCC26XX_multiMode.oem3 (.text:RF_scheduleCmd)
                  00009d30    00000190     drivers_cc13x0.aem3 : PowerCC26XX_calibrateRCOSC.oem3 (.text:PowerCC26XX_doCalibrate)
                  00009ec0    00000188     maclib_secure.a : mac_ie_build.obj (.text:macBuildPayloadIes)
                  0000a048    00000180                     : mac_rx_onoff.obj (.text:macRxOn)
                  0000a1c8    0000017c     driverlib.lib : crypto.obj (.text:NOROM_CRYPTOCcmInvAuthDecrypt)
                  0000a344    0000017c     maclib_secure.a : mac_mgmt.obj (.text:macTxCsmaDelay)
                  0000a4c0    00000178     driverlib.lib : crypto.obj (.text:NOROM_CRYPTOCcmAuthEncrypt)
                  0000a638    00000170     fh_pib.obj (.text:FHPIB_set)
                  0000a7a8    00000170     rf_multiMode_cc13x0.aem3 : RFCC26XX_multiMode.oem3 (.text:RF_schCmdRunInsertPreempt)
                  0000a918    00000164     drivers_cc13x0.aem3 : UARTCC26XX.oem3 (.text:UARTCC26XX_open)
                  0000aa7c    0000015c     maclib_secure.a : mac_beacon_device.obj (.text:macAutoPoll)
                  0000abd8    0000015c                     : mac_radio_tx.obj (.text:macRadioCsmaTxCb)
                  0000ad34    00000154     mac_security_pib.obj (.text:MAC_MlmeGetSecurityReq)
                  0000ae88    00000154     maclib_secure.a : mac_mgmt.obj (.text:macApiDisassociateReq)
                  0000afdc    00000154     rf_multiMode_cc13x0.aem3 : RFCC26XX_multiMode.oem3 (.text:radioOpDoneCb)
                  0000b130    00000148     maclib_secure.a : fh_api.obj (.text:FHAPI_completeTxCb)
                  0000b278    00000148     rf_multiMode_cc13x0.aem3 : RFCC26XX_multiMode.oem3 (.text:fsmChangePhyState)
                  0000b3c0    00000144     macwrapper.obj (.text:macWrapperAddKeyInitFCtr)
                  0000b504    00000140     nvocop.obj (.text:compactPage$28)
                  0000b644    0000013c     rf_multiMode_cc13x0.aem3 : RFCC26XX_multiMode.oem3 (.text:hwiFxnCpe0Active)
                  0000b780    00000134     maclib_secure.a : mac_beacon_device.obj (.text:macApiSyncReq)
                  0000b8b4    00000130                     : mac_data.obj (.text:macAllocTxBuffer)
                  0000b9e4    00000128                     : fh_nt.obj (.text:FHNT_purgeTimerIsrCb$58)
                  0000bb0c    00000128     sensor.obj (.text:Sensor_sendMsg)
                  0000bc34    0000011c     drivers_cc13x0.aem3 : UARTCC26XX.oem3 (.text:UARTCC26XX_read)
                  0000bd50    0000011c     jdllc.obj (.text:assocCnfCb$33)
                  0000be6c    0000011c     maclib_secure.a : mac_mgmt.obj (.text:macApiWSAsyncReq$67)
                  0000bf88    00000118                     : mac_security.obj (.text:macCcmStarTransform)
                  0000c0a0    00000114     drivers_cc13x0.aem3 : PowerCC26XX.oem3 (.text:Power_init)
                  0000c1b4    00000112                         : UARTCC26XX.oem3 (.text:UARTCC26XX_hwiIntFxn)
                  0000c2c6    00000002     maclib_secure.a : mac_pwr.obj (.text:macApiPwrOnReq)
                  0000c2c8    00000108     ssf.obj (.text:Ssf_networkUpdate)
                  0000c3d0    00000100     rf_multiMode_cc13x0.aem3 : RFCC26XX_multiMode.oem3 (.text:fsmPowerUpState)
                  0000c4d0    00000100     maclib_secure.a : mac.obj (.text:macSetupRATChanCompare)
                  0000c5d0    000000fc     rf_multiMode_cc13x0.aem3 : RFCC26XX_multiMode.oem3 (.text:RF_close)
                  0000c6cc    000000fc     drivers_cc13x0.aem3 : UARTCC26XX.oem3 (.text:UARTCC26XX_write)
                  0000c7c8    000000f8     maclib_secure.a : fh_ie.obj (.text:FHIE_genCommonInformation$56)
                  0000c8c0    000000f8     app_pem3.oem3 (.text:xdc_runtime_System_printfExtend__I)
                  0000c9b8    000000f4     maclib_secure.a : fh_mgr.obj (.text:FHMGR_bcTimerIsrCb)
                  0000caac    000000f4                     : mac_radio_tx.obj (.text:macRadioTxPrepCsmaUnslotted)
                  0000cba0    000000f0     driverlib.lib : setup.obj (.text:NOROM_SetupTrimDevice)
                  0000cc90    000000f0     rf_multiMode_cc13x0.aem3 : RFCC26XX_multiMode.oem3 (.text:RF_pendCmd)
                  0000cd80    000000f0     maclib_secure.a : mac_security.obj (.text:macCcmStarInverseTransform)
                  0000ce70    000000e8                     : mac_main.obj (.text:macSendDataMsg)
                  0000cf58    000000e4                     : fh_ie.obj (.text:FHIE_parseHie)
                  0000d03c    000000e4     dpl_cc13x0.aem3 : PowerCC26XX_tirtos.oem3 (.text:PowerCC26XX_standbyPolicy)
                  0000d120    000000e4     rf_multiMode_cc13x0.aem3 : RFCC26XX_multiMode.oem3 (.text:RF_requestAccess)
                  0000d204    000000e4     maclib_secure.a : mac_beacon.obj (.text:macBeaconSetSched)
                  0000d2e8    000000e4                     : mac_scan.obj (.text:macScanNextChan)
                  0000d3cc    000000e0                     : mac_radio_tx.obj (.text:macRadioTxAck$76)
                  0000d4ac    000000dc     drivers_cc13x0.aem3 : PINCC26XX.oem3 (.text:PINCC26XX_setIoCfg)
                  0000d588    000000dc     rf_multiMode_cc13x0.aem3 : RFCC26XX_multiMode.oem3 (.text:RF_getInfo)
                  0000d664    000000dc     sensor.obj (.text:dataCnfCB$36)
                  0000d740    000000dc     maclib_secure.a : mac_radio.obj (.text:macRadioPowerUpBeaconMode)
                  0000d81c    000000d8                     : fh_nt.obj (.text:FHNT_getRemoveEntryFromTemp$58)
                  0000d8f4    000000d8     driverlib.lib : rfc.obj (.text:NOROM_RFCOverrideUpdate)
                  0000d9cc    000000d8     rf_multiMode_cc13x0.aem3 : RFCC26XX_multiMode.oem3 (.text:RF_schCmdPriority)
                  0000daa4    000000d8     maclib_secure.a : mac_mgmt.obj (.text:macCommStatusInd)
                  0000db7c    000000d8                     : mac_radio_tx.obj (.text:macRadioLbtTxCb)
                  0000dc54    000000d4     drivers_cc13x0.aem3 : CryptoCC26XX.oem3 (.text:CryptoCC26XX_open)
                  0000dd28    000000d4     maclib_secure.a : fh_api.obj (.text:FHAPI_getTxParams)
                  0000ddfc    000000d4     driverlib.lib : rfc.obj (.text:NOROM_RFCRfTrimRead)
                  0000ded0    000000d4     rf_multiMode_cc13x0.aem3 : RFCC26XX_multiMode.oem3 (.text:RF_control)
                  0000dfa4    000000d4                              : RFCC26XX_multiMode.oem3 (.text:RF_postCmd)
                  0000e078    000000d0     macstack.obj (.text:MAC_CbackEvent)
                  0000e148    000000d0     maclib_secure.a : mac_data.obj (.text:macDataTxSend)
                  0000e218    000000d0                     : mac.obj (.text:macRatCb_A)
                  0000e2e8    000000d0                     : mac_symbol_timer.obj (.text:macSymbolTimerUpdateWakeup$80)
                  0000e3b8    000000cc     driverlib.lib : crypto.obj (.text:NOROM_CRYPTOAesCbc)
                  0000e484    000000cc     nvocop.obj (.text:NVOCOP_writeItem)
                  0000e550    000000cc     maclib_secure.a : mac_security.obj (.text:macOutgoingFrameKeyDescRetrieval)
                  0000e61c    000000c8                     : mac_ie_build.obj (.text:macBuildHeaderIes)
                  0000e6e4    000000c8                     : mac_scan.obj (.text:macScanRxBeacon)
                  0000e7ac    000000c4                     : fh_data.obj (.text:FHDATA_procASYNCReq)
                  0000e870    000000c4     jdllc.obj (.text:Jdllc_init)
                  0000e934    000000c4     maclib_secure.a : mac_data.obj (.text:macDataTxEnqueue)
                  0000e9f8    000000c0     rf_multiMode_cc13x0.aem3 : RFCC26XX_multiMode.oem3 (.text:abortCmd)
                  0000eab8    000000c0     maclib_secure.a : mac_device.obj (.text:macDeviceReset)
                  0000eb78    000000c0                     : mac.obj (.text:macSendFsCmd)
                  0000ec38    000000c0                     : mac_tx.obj (.text:macTxFrameIsr)
                  0000ecf8    000000be                     : fh_ie.obj (.text:FHIE_getLen)
                  0000edb6    00000002                     : mac_mgmt.obj (.text:macNoAction)
                  0000edb8    000000bc     drivers_cc13x0.aem3 : PowerCC26XX.oem3 (.text:Power_releaseDependency)
                  0000ee74    000000bc                         : UARTCC26XX.oem3 (.text:UARTCC26XX_initHw)
                  0000ef30    000000bc     maclib_secure.a : mac_beacon_device.obj (.text:macBeaconSyncLoss)
                  0000efec    000000bc                     : mac_tx.obj (.text:macTxChannelBusyCallback)
                  0000f0a8    000000bc     jdllc.obj (.text:pollCnfCb$33)
                  0000f164    000000ba     maclib_secure.a : mac_scan.obj (.text:MAC_MlmeScanReq)
                  0000f21e    000000b8                     : fh_ie.obj (.text:FHIE_getPieContentLen$56)
                  0000f2d6    00000002                     : mac_symbol_timer.obj (.text:macSymbolTimerICallPwrNotify$80)
                  0000f2d8    000000b8     rf_multiMode_cc13x0.aem3 : RFCC26XX_multiMode.oem3 (.text:RF_dispatchNextCmd)
                  0000f390    000000b8     maclib_secure.a : mac_mgmt.obj (.text:macBuildBeaconNotifyInd)
                  0000f448    000000b4     drivers_cc13x0.aem3 : PowerCC26XX.oem3 (.text:Power_setDependency)
                  0000f4fc    000000b0     maclib_secure.a : fh_nt.obj (.text:FHNT_AddDeviceCB)
                  0000f5ac    000000b0     board_led.obj (.text:board_led_blinkTimeoutCB$6)
                  0000f65c    000000b0     maclib_secure.a : mac_rx.obj (.text:rxPostRxUpdates$77)
                  0000f70c    000000ac     main.obj (.text:main)
                  0000f7b8    000000ac     api_mac.obj (.text:processBeaconNotifyInd$31)
                  0000f864    000000ac     jdllc.obj (.text:processCoordRealign$33)
                  0000f910    000000aa     maclib_secure.a : fh_ie.obj (.text:FHIE_genExcludedChannelRanges$56)
                  0000f9ba    00000002     rtsv7M3_T_le_eabi.lib : i_div0.obj (.text)
                  0000f9bc    000000a8     rf_multiMode_cc13x0.aem3 : RFCC26XX_multiMode.oem3 (.text:discardPendCmd)
                  0000fa64    000000a4     maclib_secure.a : fh_ie.obj (.text:FHIE_getChannelPlan$56)
                  0000fb08    000000a4                     : fh_nt.obj (.text:FHNT_addTempEUI$58)
                  0000fbac    000000a4     driverlib.lib : crypto.obj (.text:NOROM_CRYPTOAesEcb)
                  0000fc50    000000a4     osal.obj (.text:osal_set_event)
                  0000fcf4    000000a4     drivers_cc13x0.aem3 : PowerCC26XX.oem3 (.text:switchXOSCHFclockFunc)
                  0000fd98    000000a0     rf_multiMode_cc13x0.aem3 : RFCC26XX_multiMode.oem3 (.text:RF_schChkCmdInsert)
                  0000fe38    000000a0     ssf.obj (.text:Ssf_findBlackListIndex)
                  0000fed8    000000a0     auto_init.aem3 : auto_init.oem3 (.text)
                  0000ff78    000000a0     jdllc.obj (.text:beaconNotifyIndCb$33)
                  00010018    000000a0     jdllc.obj (.text:scanCnfCb$33)
                  000100b8    000000a0     nvocop.obj (.text:writeItem$28)
                  00010158    0000009e     rom_sysbios.aem3 : rom_sysbios.obj (.text:xdc_runtime_Text_putSite__E)
                  000101f6    00000002     rtsv7M3_T_le_eabi.lib : l_div0.obj (.text)
                  000101f8    0000009c     rf_multiMode_cc13x0.aem3 : RFCC26XX_multiMode.oem3 (.text:RF_issueRadioFreeCb)
                  00010294    0000009c     maclib_secure.a : mac.obj (.text:macRatCb_B)
                  00010330    0000009c                     : mac_mgmt.obj (.text:macRxBeacon)
                  000103cc    0000009c     rtsv7M3_T_le_eabi.lib : memcpy_t2.obj (.text)
                  00010468    0000009c     rf_multiMode_cc13x0.aem3 : RFCC26XX_multiMode.oem3 (.text:swiFxnHw)
                  00010504    00000098     maclib_secure.a : fh_api.obj (.text:FHAPI_reset)
                  0001059c    00000098                     : fh_data.obj (.text:FHDATA_getPktFromQueue)
                  00010634    00000098                     : fh_mgr.obj (.text:FHMGR_updateRadioBCChannel)
                  000106cc    00000098     drivers_cc13x0.aem3 : PINCC26XX.oem3 (.text:PIN_open)
                  00010764    00000098                         : UARTCC26XX.oem3 (.text:UARTCC26XX_initIO)
                  000107fc    00000098     maclib_secure.a : mac_scan.obj (.text:macScanRxCoordRealign)
                  00010894    00000098     rom_sysbios.aem3 : rom_sysbios.obj (.text:ti_sysbios_knl_Clock_workFuncDynamic__E)
                  0001092c    00000098                      : rom_sysbios.obj (.text:xdc_runtime_Text_putMod__E)
                  000109c4    00000094     sensor.obj (.text:jdllcJoinedCb$36)
                  00010a58    00000094     maclib_secure.a : mac_main.obj (.text:macCbackForEvent)
                  00010aec    00000090     driverlib.lib : crypto.obj (.text:NOROM_CRYPTOAesLoadKey)
                  00010b7c    0000008e     maclib_secure.a : fh_ie.obj (.text:FHIE_extractHie)
                  00010c0a    00000002     rom_sysbios.aem3 : rom_sysbios.obj (.text:ti_sysbios_BIOS_linkedWithIncorrectBootLibrary__E)
                  00010c0c    0000008c     drivers_cc13x0.aem3 : UARTCC26XX.oem3 (.text:UARTCC26XX_close)
                  00010c98    0000008c                         : UARTCC26XX.oem3 (.text:UARTCC26XX_writeCancel)
                  00010d24    0000008c     api_mac.obj (.text:copyDataInd$31)
                  00010db0    0000008c     maclib_secure.a : mac_radio_tx.obj (.text:macRadioTxPrepLbt)
                  00010e3c    0000008c                     : mac_tx.obj (.text:txComplete)
                  00010ec8    0000008c     drivers_cc13x0.aem3 : UARTCC26XX.oem3 (.text:writeFinishedDoCallback)
                  00010f54    00000088                         : CryptoCC26XX.oem3 (.text:CryptoCC26XX_allocateKey)
                  00010fdc    00000088     driverlib.lib : osc.obj (.text:NOROM_OSCHF_GetStartupTime)
                  00011064    00000088     nvocop.obj (.text:findItem$28)
                  000110ec    00000088     maclib_secure.a : mac_timer.obj (.text:macTimerUpdateSymbolTimer)
                  00011174    00000088     osal.obj (.text:osal_msg_receive)
                  000111fc    00000084     board_led.obj (.text:Board_Led_control)
                  00011280    00000084     rf_multiMode_cc13x0.aem3 : RFCC26XX_multiMode.oem3 (.text:RF_ratDisableChannel)
                  00011304    00000084     maclib_secure.a : mac_mcu.obj (.text:macMcuBitReverse)
                  00011388    00000084                     : mac_device.obj (.text:macRxAssocRsp)
                  0001140c    00000084                     : mac_beacon_device.obj (.text:macTrackPeriodCallback)
                  00011490    00000080     rf_multiMode_cc13x0.aem3 : RFCC26XX_multiMode.oem3 (.text:RF_prepareRadio)
                  00011510    00000080                              : RFCC26XX_multiMode.oem3 (.text:hwiFxnCpe0PowerFsm)
                  00011590    00000080     maclib_secure.a : mac_beacon_device.obj (.text:macTrackTimeoutCallback)
                  00011610    00000080     mac_user_config.obj (.text:rf_patch_rfe_genfsk$34)
                  00011690    0000007c     jdllc.obj (.text:Jdllc_securityInit)
                  0001170c    0000007c     driverlib.lib : crypto.obj (.text:NOROM_CRYPTOCcmInvAuthDecryptResultGet)
                  00011788    0000007c     maclib_secure.a : mac_mcu.obj (.text:macMcuOverflowSetPeriod)
                  00011804    0000007c                     : mac_radio_tx.obj (.text:macRadioTxAckCb$76)
                  00011880    0000007c     jdllc.obj (.text:syncLossCb$33)
                  000118fc    0000007a     rtsv7M3_T_le_eabi.lib : memset_t2.obj (.text)
                  00011976    00000002     app_pem3.oem3 (.text:ti_sysbios_BIOS_nullFunc__I)
                  00011978    00000078     maclib_secure.a : fh_util.obj (.text:FHUTIL_getCurBfio)
                  000119f0    00000078     rf_multiMode_cc13x0.aem3 : RFCC26XX_multiMode.oem3 (.text:RF_ratCompare)
                  00011a68    00000078                              : RFCC26XX_multiMode.oem3 (.text:RF_yield)
                  00011ae0    00000078     maclib_secure.a : mac_beacon.obj (.text:macBeaconCheckTxTime)
                  00011b58    00000078                     : mac_scan.obj (.text:macScanStartTimer)
                  00011bd0    00000078     jdllc.obj (.text:sendAssocReq$33)
                  00011c48    00000078     drivers_cc13x0.aem3 : UARTCC26XX.oem3 (.text:writeTxFifoFlush)
                  00011cc0    00000076     maclib_secure.a : mac_security.obj (.text:macKeyDescriptorLookup)
                  00011d36    00000002     rom_sysbios.aem3 : rom_sysbios.obj (.text:ti_sysbios_knl_Clock_triggerFunc__I)
                  00011d38    00000074     maclib_secure.a : fh_api.obj (.text:FHAPI_startBS)
                  00011dac    00000074                     : fh_nt.obj (.text:FHNT_getNTIndexFromTempIndex$58)
                  00011e20    00000074     icall_cc2650.obj (.text:ICallPlatform_pwrUpdActivityCounter)
                  00011e94    00000074     rf_multiMode_cc13x0.aem3 : RFCC26XX_multiMode.oem3 (.text:hwiFxnHw)
                  00011f08    00000074     maclib_secure.a : mac_mcu.obj (.text:macMcuOverflowSetCompare)
                  00011f7c    00000074                     : mac_radio.obj (.text:macRadioUpdateChannel)
                  00011ff0    00000074                     : mac_radio.obj (.text:macRadioUpdateChannelRx)
                  00012064    00000074                     : mac_radio.obj (.text:macRadioUpdateTxPower)
                  000120d8    00000074     osal_pwrmgr.obj (.text:osal_pwrmgr_task_state)
                  0001214c    00000074     rom_sysbios.aem3 : rom_sysbios.obj (.text:ti_sysbios_family_arm_cc26xx_Timer_start__E)
                  000121c0    00000070     maclib_secure.a : fh_dh1cf.obj (.text:FHDH1CF_getBCChannelNum)
                  00012230    00000070     jdllc.obj (.text:dataCnfCb$33)
                  000122a0    00000070     maclib_secure.a : mac_tx.obj (.text:macTxAckReceivedCallback)
                  00012310    00000070     nvocop.obj (.text:writeWord$28)
                  00012380    0000006d     rom_sysbios.aem3 : rom_sysbios.obj (.text:xdc_runtime_System_formatNum__I)
                  000123ed    00000001     --HOLE-- [fill = 0]
                  000123ee    00000002     app_pem3.oem3 (.text:ti_sysbios_rom_cortexm_cc13xx_CC13xx_badRomRevision__E)
                  000123f0    0000006c     drivers_cc13x0.aem3 : PowerCC26XX_calibrateRCOSC.oem3 (.text:PowerCC26XX_initiateCalibration)
                  0001245c    0000006c     maclib_secure.a : mac_tx.obj (.text:txGo$81)
                  000124c8    00000068                     : fh_data.obj (.text:FHDATA_purgePktFromQueue)
                  00012530    00000068     driverlib.lib : sys_ctrl.obj (.text:NOROM_SysCtrlAdjustRechargeAfterPowerDown)
                  00012598    00000068                   : sys_ctrl.obj (.text:NOROM_SysCtrl_DCDC_VoltageConditionalControl)
                  00012600    00000068     ssf.obj (.text:Ssf_getNetworkInfo)
                  00012668    00000068     drivers_cc13x0.aem3 : UARTCC26XX.oem3 (.text:UARTCC26XX_readCancel)
                  000126d0    00000068     rtsv7M3_T_le_eabi.lib : copy_decompress_lzss.obj (.text:decompress:lzss)
                  00012738    00000068     rf_multiMode_cc13x0.aem3 : RFCC26XX_multiMode.oem3 (.text:fsmXOSCState)
                  000127a0    00000068     drivers_cc13x0.aem3 : PowerCC26XX.oem3 (.text:lfClockReadyCallback)
                  00012808    00000068     maclib_secure.a : mac_main.obj (.text:macSendMsg)
                  00012870    00000068                     : mac_beacon_device.obj (.text:macSyncTimeoutCallback)
                  000128d8    00000068     jdllc.obj (.text:sendScanReq$33)
                  00012940    00000068     jdllc.obj (.text:updateState$33)
                  000129a8    00000064     maclib_secure.a : fh_nt.obj (.text:FHNT_putEntry)
                  00012a0c    00000064     driverlib.lib : osc.obj (.text:NOROM_OSCHF_AttemptToSwitchToXosc)
                  00012a70    00000064     drivers_cc13x0.aem3 : PowerCC26XX.oem3 (.text:configureXOSCHF)
                  00012ad4    00000064     nvocop.obj (.text:findItemInCache$28)
                  00012b38    00000064     maclib_secure.a : mac_device.obj (.text:macAssocDataRxInd)
                  00012b9c    00000064                     : mac_data.obj (.text:macDataTxComplete)
                  00012c00    00000064                     : mac_device.obj (.text:macRxCoordRealign)
                  00012c64    00000064                     : mac_mgmt.obj (.text:macRxDisassoc)
                  00012cc8    00000064                     : mac_rx.obj (.text:macRxHaltCleanup)
                  00012d2c    00000064                     : mac_symbol_timer.obj (.text:macSymbolTimerInit)
                  00012d90    00000064     osal.obj (.text:osal_msg_enqueue_push$18)
                  00012df4    00000062     maclib_secure.a : mac_mgmt.obj (.text:macBuildWSAsyncMsg$67)
                  00012e56    00000002     rom_sysbios.aem3 : rom_sysbios.obj (.text:xdc_runtime_SysCallback_defaultAbort)
                  00012e58    00000060     driverlib.lib : osc.obj (.text:NOROM_OSCClockSourceSet)
                  00012eb8    00000060     drivers_cc13x0.aem3 : UARTCC26XX.oem3 (.text:UARTCC26XX_control)
                  00012f18    00000060     maclib_secure.a : mac_data.obj (.text:macFrameDuration)
                  00012f78    00000060                     : mac_radio.obj (.text:macGetRadioTxPowerReg)
                  00012fd8    00000060                     : mac_scan.obj (.text:macScanComplete)
                  00013038    00000060                     : mac_beacon_device.obj (.text:macTrackStartCallback)
                  00013098    00000060     osal.obj (.text:osal_msg_send)
                  000130f8    0000005e     maclib_secure.a : fh_mgr.obj (.text:FHMGR_updateRadioUCChannel)
                  00013156    00000002     rom_sysbios.aem3 : rom_sysbios.obj (.text:xdc_runtime_SysCallback_defaultExit)
                  00013158    0000005c     jdllc.obj (.text:Jdllc_addSecDevice)
                  000131b4    0000005c     maclib_secure.a : mac_mgmt.obj (.text:MAC_ResumeReq)
                  00013210    0000005c     drivers_cc13x0.aem3 : PowerCC26XX_calibrateRCOSC.oem3 (.text:PowerCC26XX_RCOSC_clockFunc)
                  0001326c    0000005c                         : PowerCC26XX.oem3 (.text:PowerCC26XX_calibrate)
                  000132c8    0000005c     maclib_secure.a : mac_symbol_timer.obj (.text:macSymbolTimerEventHandler$80)
                  00013324    0000005c     rf_multiMode_cc13x0.aem3 : RFCC26XX_multiMode.oem3 (.text:syncCb)
                  00013380    0000005c     app_pem3.oem3 (.text:xdc_runtime_Startup_getState__I)
                  000133dc    0000005b     rom_sysbios.aem3 : rom_sysbios.obj (.text:xdc_runtime_Text_putLab__E)
                  00013437    00000001     --HOLE-- [fill = 0]
                  00013438    00000058     maclib_secure.a : fh_util.obj (.text:FHUTIL_getBitCounts)
                  00013490    00000058     drivers_cc13x0.aem3 : PINCC26XX.oem3 (.text:PIN_remove)
                  000134e8    00000058     mac_user_config.obj (.text:applyGenfskPatch$34)
                  00013540    00000058     rf_multiMode_cc13x0.aem3 : RFCC26XX_multiMode.oem3 (.text:applyRfCorePatch)
                  00013598    00000058                              : RFCC26XX_multiMode.oem3 (.text:calculateDispatchTime)
                  000135f0    00000058     maclib_secure.a : mac_main.obj (.text:macExecute)
                  00013648    00000058                     : mac_device.obj (.text:macPollDataRxInd)
                  000136a0    00000058                     : mac_timer.obj (.text:macTimerAddTimer)
                  000136f8    00000058     rf_multiMode_cc13x0.aem3 : RFCC26XX_multiMode.oem3 (.text:ratChanAlloc)
                  00013750    00000058                              : RFCC26XX_multiMode.oem3 (.text:ratChanFree)
                  000137a8    00000054     drivers_cc13x0.aem3 : CryptoCC26XX.oem3 (.text:CryptoCC26XX_close)
                  000137fc    00000054     maclib_secure.a : fh_mgr.obj (.text:FHMGR_macStartFHTimer)
                  00013850    00000054     uart_printf.obj (.text:UartPrintf_flush)
                  000138a4    00000054     maclib_secure.a : mac_device.obj (.text:macApiPollReq)
                  000138f8    00000054                     : mac_mgmt.obj (.text:macDisassocComplete)
                  0001394c    00000054                     : mac_radio.obj (.text:macRadioWakeupCb)
                  000139a0    00000054                     : mac_symbol_timer.obj (.text:macSymbolTimerSetRollover)
                  000139f4    00000054                     : mac_ie_parse.obj (.text:macUpdatePayloadIEPtr)
                  00013a48    00000054     api_mac.obj (.text:processScanCnf$31)
                  00013a9c    00000052     maclib_secure.a : fh_ie.obj (.text:FHIE_genExcludedChannelMask$56)
                  00013aee    00000052                     : fh_ie.obj (.text:FHIE_getSubPie$56)
                  00013b40    00000050                     : fh_data.obj (.text:FHDATA_requeuePkt)
                  00013b90    00000050                     : fh_nt.obj (.text:FHNT_DelDeviceCB)
                  00013be0    00000050     driverlib.lib : crypto.obj (.text:NOROM_CRYPTOCcmAuthEncryptResultGet)
                  00013c30    00000050     rf_multiMode_cc13x0.aem3 : RFCC26XX_multiMode.oem3 (.text:RF_getCurrentTime)
                  00013c80    00000050                              : RFCC26XX_multiMode.oem3 (.text:RF_ieeeExpansion)
                  00013cd0    00000050     maclib_secure.a : mac_device.obj (.text:macAssocDataReqComplete)
                  00013d20    00000050                     : mac_beacon_device.obj (.text:macBeaconStartFrameResponseTimer)
                  00013d70    00000050                     : mac.obj (.text:macFsCb$72)
                  00013dc0    00000050                     : mac_radio.obj (.text:macRadioSetChannel)
                  00013e10    00000050                     : mac_timer.obj (.text:macTimerCancel)
                  00013e60    00000050     drivers_cc13x0.aem3 : UARTCC26XX.oem3 (.text:startTxFifoEmptyClk)
                  00013eb0    0000004c     maclib_secure.a : fh_ie.obj (.text:FHIE_getCcaSfdTime$56)
                  00013efc    0000004c                     : fh_mgr.obj (.text:FHMGR_ucTimerIsrCb)
                  00013f48    0000004c     fh_pib.obj (.text:FHPIB_get)
                  00013f94    0000004c     rf_multiMode_cc13x0.aem3 : RFCC26XX_multiMode.oem3 (.text:RF_wakeupNotifyFxn)
                  00013fe0    0000004c     ssf.obj (.text:Ssf_configurationUpdate)
                  0001402c    0000004c     maclib_secure.a : mac_rx.obj (.text:macRxNokIsr)
                  00014078    0000004c                     : mac_rx_onoff.obj (.text:macRxOffRequest)
                  000140c4    0000004c                     : mac_tx.obj (.text:macTxAckNotReceivedCallback)
                  00014110    0000004c     rtsv7M3_T_le_eabi.lib : cpy_tbl.obj (.text)
                  0001415c    0000004a     maclib_secure.a : fh_dh1cf.obj (.text:FHDH1CF_mapChIdxChannel)
                  000141a6    0000004a     macstack.obj (.text:icall_slimMsgParser)
                  000141f0    00000048     board_lcd.obj (.text:Board_Lcd_writeStringValue)
                  00014238    00000048     dpl_cc13x0.aem3 : ClockP_tirtos.oem3 (.text:ClockP_construct)
                  00014280    00000048     maclib_secure.a : fh_sm.obj (.text:FHSM_event)
                  000142c8    00000048     jdllc.obj (.text:Jdllc_sendDisassociationRequest)
                  00014310    00000048     drivers_cc13x0.aem3 : PINCC26XX.oem3 (.text:PIN_setOutputEnable)
                  00014358    00000048     rf_multiMode_cc13x0.aem3 : RFCC26XX_multiMode.oem3 (.text:Q_push)
                  000143a0    00000048     timer.obj (.text:Timer_construct)
                  000143e8    00000048     util.obj (.text:Util_itoa)
                  00014430    00000048     maclib_secure.a : mac_device.obj (.text:macAssocDataReq)
                  00014478    00000048                     : mac.obj (.text:macStopCmd)
                  000144c0    00000048     rf_multiMode_cc13x0.aem3 : RFCC26XX_multiMode.oem3 (.text:postDirImmCmd)
                  00014508    00000046     maclib_secure.a : fh_dh1cf.obj (.text:FHDH1CF_getCh)
                  0001454e    00000046                     : fh_ie.obj (.text:FHIE_getCommonInformationLen$56)
                  00014594    00000044                     : fh_api.obj (.text:FHAPI_getRemDT)
                  000145d8    00000044                     : fh_nt.obj (.text:FHNT_getEUI)
                  0001461c    00000044     mac_pib.obj (.text:MAC_MlmeGetReq)
                  00014660    00000044     rf_multiMode_cc13x0.aem3 : RFCC26XX_multiMode.oem3 (.text:RF_releasePowerConstraint)
                  000146a4    00000044     drivers_cc13x0.aem3 : RingBuf.oem3 (.text:RingBuf_put)
                  000146e8    00000044     boot.aem3 : boot.oem3 (.text)
                  0001472c    00000044     nvocop.obj (.text:erasePage$28)
                  00014770    00000044     ssf.obj (.text:getNumBlackListEntries$37)
                  000147b4    00000044     maclib_secure.a : mac_device.obj (.text:macPollDataReqComplete)
                  000147f8    00000044                     : mac.obj (.text:macSetupReceiveCmd)
                  0001483c    00000044                     : mac_device.obj (.text:macStartFrameResponseTimer)
                  00014880    00000044     drivers_cc13x0.aem3 : PowerCC26XX.oem3 (.text:notify)
                  000148c4    00000044     jdllc.obj (.text:populateInfo$33)
                  00014908    00000044     rom_sysbios.aem3 : rom_sysbios.obj (.text:xdc_runtime_Text_xprintf__I)
                  0001494c    00000042     api_mac.obj (.text:copyMacPanDescToApiMacPanDesc$31)
                  0001498e    00000002     --HOLE-- [fill = 0]
                  00014990    00000040     maclib_secure.a : fh_dh1cf.obj (.text:FHDH1CF_hashword)
                  000149d0    00000040     hal_trng_wrapper.obj (.text:HalTRNG_GetTRNG)
                  00014a10    00000040     osal.obj (.text:ICall_setTimer$18)
                  00014a50    00000040     maclib_secure.a : mac_symbol_timer.obj (.text:ICall_setTimer$80)
                  00014a90    00000040                     : mac_tx.obj (.text:ICall_setTimer$81)
                  00014ad0    00000040     driverlib.lib : chipinfo.obj (.text:NOROM_ChipInfo_GetHwRevision)
                  00014b10    00000040     nvocop.obj (.text:NVOCOP_initNV)
                  00014b50    00000040     drivers_cc13x0.aem3 : PINCC26XX.oem3 (.text:PIN_swi)
                  00014b90    00000040     rf_multiMode_cc13x0.aem3 : RFCC26XX_multiMode.oem3 (.text:RF_getRssi)
                  00014bd0    00000040     drivers_cc13x0.aem3 : UART.oem3 (.text:UART_init)
                  00014c10    00000040                         : UART.oem3 (.text:UART_open)
                  00014c50    00000040     jdllc.obj (.text:handleMaxDataFail$33)
                  00014c90    00000040     maclib_secure.a : mac_mcu.obj (.text:macMcuInit)
                  00014cd0    00000040                     : mac_device.obj (.text:macPollFrameResponseTimeout)
                  00014d10    00000040                     : mac_main.obj (.text:mac_msg_deallocate)
                  00014d50    00000040     rtsv7M3_T_le_eabi.lib : u_divt2.obj (.text)
                  00014d90    00000040     jdllc.obj (.text:sendPollReq$33)
                  00014dd0    00000040     rom_sysbios.aem3 : rom_sysbios.obj (.text:ti_sysbios_family_arm_cc26xx_Timer_setThreshold__I)
                  00014e10    0000003e     dpl_cc13x0.aem3 : HwiP_tirtos.oem3 (.text:HwiP_construct)
                  00014e4e    0000003e     drivers_cc13x0.aem3 : RingBuf.oem3 (.text:RingBuf_get)
                  00014e8c    0000003c     maclib_secure.a : fh_mgr.obj (.text:FHMGR_updateHopping)
                  00014ec8    0000003c                     : fh_util.obj (.text:FHUTIL_getCurUfsi)
                  00014f04    0000003c     icall_cc2650.obj (.text:ICallPlatform_pwrConfigACAction)
                  00014f40    0000003c     api_mac.obj (.text:ICall_sendServiceMsg$31)
                  00014f7c    0000003c     osal.obj (.text:ICall_setTimerMSecs$18)
                  00014fb8    0000003c     driverlib.lib : osc.obj (.text:NOROM_OSC_HPOSCRelativeFrequencyOffsetGet)
                  00014ff4    0000003c                   : rfc.obj (.text:NOROM_RFCSynthPowerDown)
                  00015030    0000003c     nvocop.obj (.text:NVOCOP_compactNV)
                  0001506c    0000003c     nvocop.obj (.text:NVOCOP_deleteItem)
                  000150a8    0000003c     drivers_cc13x0.aem3 : PowerCC26XX.oem3 (.text:PowerCC26XX_isStableXOSC_HF)
                  000150e4    0000003c     dpl_cc13x0.aem3 : SwiP_tirtos.oem3 (.text:SwiP_construct)
                  00015120    0000003c     drivers_cc13x0.aem3 : PowerCC26XX.oem3 (.text:disableLfClkQualifiersEnableClkLoss)
                  0001515c    0000003c     rf_multiMode_cc13x0.aem3 : RFCC26XX_multiMode.oem3 (.text:getCmd)
                  00015198    0000003c     maclib_secure.a : mac_mgmt.obj (.text:macBcTimerHandler)
                  000151d4    0000003c                     : mac_beacon.obj (.text:macBeaconRequeue)
                  00015210    0000003c                     : mac_rx_onoff.obj (.text:macRxDisable)
                  0001524c    0000003c                     : mac.obj (.text:macSetupFsCmd)
                  00015288    0000003c                     : mac_tx.obj (.text:macTxDecrypt)
                  000152c4    0000003c     osal.obj (.text:osal_msg_extract)
                  00015300    0000003c     rom_sysbios.aem3 : rom_sysbios.obj (.text:ti_sysbios_family_arm_m3_Hwi_construct2__E)
                  0001533c    0000003a     maclib_secure.a : fh_dh1cf.obj (.text:FHDH1CF_getChannelNum)
                  00015376    0000003a     util.obj (.text:Util_bufferUint32)
                  000153b0    00000038     maclib_secure.a : fh_api.obj (.text:FHAPI_stopAsync)
                  000153e8    00000038     hal_trng_wrapper.obj (.text:HalTRNG_InitTRNG)
                  00015420    00000038     macstack.obj (.text:ICall_enrollService$25)
                  00015458    00000038     maclib_secure.a : fh_mgr.obj (.text:ICall_setTimer$57)
                  00015490    00000038     main.obj (.text:Main_assertHandler)
                  000154c8    00000038     nvocop.obj (.text:NVOCOP_readItem)
                  00015500    00000038     drivers_cc13x0.aem3 : PINCC26XX.oem3 (.text:PIN_setOutputValue)
                  00015538    00000038                         : UARTCC26XX.oem3 (.text:UARTCC26XX_swiIntFxn)
                  00015570    00000038     jdllc.obj (.text:disassoCnfCb$33)
                  000155a8    00000038     maclib_secure.a : mac_device.obj (.text:macAssocFailed)
                  000155e0    00000038     mac_pib.obj (.text:macMRFSKGetPhyDesc)
                  00015618    00000038     maclib_secure.a : mac.obj (.text:macSetUserConfig)
                  00015650    00000038                     : mac_beacon_device.obj (.text:macStartBroadcastPendTimer)
                  00015688    00000038                     : mac_symbol_timer.obj (.text:macSymbolTimerCount)
                  000156c0    00000038     osal.obj (.text:osal_msg_dequeue)
                  000156f8    00000038     drivers_cc13x0.aem3 : UARTCC26XX.oem3 (.text:readData)
                  00015730    00000038     rom_sysbios.aem3 : rom_sysbios.obj (.text:ti_sysbios_family_arm_cc26xx_Timer_getCurrentTick__E)
                  00015768    00000038     drivers_cc13x0.aem3 : UARTCC26XX.oem3 (.text:writeData)
                  000157a0    00000036     maclib_secure.a : fh_ie.obj (.text:FHIE_getPie$56)
                  000157d6    00000002     --HOLE-- [fill = 0]
                  000157d8    00000034                     : fh_api.obj (.text:FHAPI_SFDRxCb)
                  0001580c    00000034     osal.obj (.text:ICall_send$18)
                  00015840    00000034     driverlib.lib : ddi.obj (.text:NOROM_DDI32RegWrite)
                  00015874    00000034                   : osc.obj (.text:NOROM_OSCHF_SwitchToRcOscTurnOffXosc)
                  000158a8    00000034     drivers_cc13x0.aem3 : PINCC26XX.oem3 (.text:PIN_setConfig)
                  000158dc    00000034                         : PowerCC26XX.oem3 (.text:Power_releaseConstraint)
                  00015910    00000034     rf_multiMode_cc13x0.aem3 : RFCC26XX_multiMode.oem3 (.text:Q_end)
                  00015944    00000034                              : RFCC26XX_multiMode.oem3 (.text:RF_checkCmdFsError)
                  00015978    00000034     board_key.obj (.text:board_key_keyFxn$4)
                  000159ac    00000034     nvocop.obj (.text:disableCache$28)
                  000159e0    00000034     maclib_secure.a : mac_device.obj (.text:macAssociateCnf)
                  00015a14    00000034                     : mac_beacon_device.obj (.text:macBeaconStopTrack)
                  00015a48    00000034                     : mac_timer.obj (.text:macTimerRecalcUnaligned)
                  00015a7c    00000034                     : mac_tx.obj (.text:macTxUpdateIE)
                  00015ab0    00000034     osal.obj (.text:osal_msg_enqueue)
                  00015ae4    00000034     rom_sysbios.aem3 : rom_sysbios.obj (.text:ti_sysbios_family_arm_cc26xx_Timer_initDevice__I)
                  00015b18    00000034                      : rom_sysbios.obj (.text:ti_sysbios_knl_Swi_setPri__E)
                  00015b4c    00000032     maclib_secure.a : fh_ie.obj (.text:FHIE_getHie$56)
                  00015b7e    00000032     icall_cc2650.obj (.text:ICallPlatform_pwrNotify$1)
                  00015bb0    00000032     maclib_secure.a : mac_scan.obj (.text:macScanCnfInit)
                  00015be2    00000032     rom_sysbios.aem3 : rom_sysbios.obj (.text:ti_sysbios_family_arm_cc26xx_Timer_setNextTick__E)
                  00015c14    00000030     maclib_secure.a : fh_nt.obj (.text:FHNT_delTempIndex$58)
                  00015c44    00000030     hal_flash_wrapper.obj (.text:HalFlashRead)
                  00015c74    00000030     icall_cc2650.obj (.text:ICallPlatform_pwrRegisterNotify)
                  00015ca4    00000030     driverlib.lib : crypto.obj (.text:NOROM_CRYPTOAesEcbStatus)
                  00015cd4    00000030                   : crypto.obj (.text:NOROM_CRYPTOCcmAuthEncryptStatus)
                  00015d04    00000030                   : crypto.obj (.text:NOROM_CRYPTOCcmInvAuthDecryptStatus)
                  00015d34    00000030                   : chipinfo.obj (.text:NOROM_ChipInfo_GetChipType)
                  00015d64    00000030                   : setup_rom.obj (.text:NOROM_SetupSetAonRtcSubSecInc)
                  00015d94    00000030     drivers_cc13x0.aem3 : PowerCC26XX.oem3 (.text:Power_setConstraint)
                  00015dc4    00000030     ssf.obj (.text:Ssf_clearNetworkInfo)
                  00015df4    00000030     ssf.obj (.text:Ssf_setPollClock)
                  00015e24    00000030     ssf.obj (.text:Ssf_setReadingClock)
                  00015e54    00000030     ssf.obj (.text:Ssf_setScanBackoffClock)
                  00015e84    00000030     jdllc.obj (.text:disassocIndCb$33)
                  00015eb4    00000030     maclib_secure.a : mac_timer.obj (.text:macTimerSetRollover)
                  00015ee4    00000030     osal.obj (.text:osal_alien2proxy)
                  00015f14    00000030     drivers_cc13x0.aem3 : UARTCC26XX.oem3 (.text:readData2RingBuf)
                  00015f44    00000030     app_pem3.oem3 (.text:ti_sysbios_BIOS_atExitFunc__I)
                  00015f74    00000030     app_pem3.oem3 (.text:ti_sysbios_BIOS_startFunc__I)
                  00015fa4    0000002f     rom_sysbios.aem3 : rom_sysbios.obj (.text:xdc_runtime_Text_printVisFxn__I)
                  00015fd3    00000001     --HOLE-- [fill = 0]
                  00015fd4    0000002e     icall_cc2650.obj (.text:ICallPlatform_pwrDispenseImpl$1)
                  00016002    0000002e     icall_cc2650.obj (.text:ICallPlatform_pwrRequireImpl$1)
                  00016030    0000002e     drivers_cc13x0.aem3 : CryptoCC26XX.oem3 (.text:cryptoTransactionPend)
                  0001605e    0000002c     maclib_secure.a : fh_ie.obj (.text:FHIE_getExcludedChannelControl$56)
                  0001608a    00000002     --HOLE-- [fill = 0]
                  0001608c    0000002c                     : fh_sm.obj (.text:FSM_transaction_debug)
                  000160b8    0000002c     driverlib.lib : osc.obj (.text:NOROM_OSCClockSourceGet)
                  000160e4    0000002c                   : rfc.obj (.text:NOROM_RFCCPEPatchReset)
                  00016110    0000002c     drivers_cc13x0.aem3 : PINCC26XX.oem3 (.text:PINCC26XX_setMux)
                  0001613c    0000002c     dpl_cc13x0.aem3 : SemaphoreP_tirtos.oem3 (.text:SemaphoreP_constructBinary)
                  00016168    0000002c     uart_printf.obj (.text:UartPrintf_putch)
                  00016194    0000002c     rf_multiMode_cc13x0.aem3 : RFCC26XX_multiMode.oem3 (.text:clkPowerUpFxn)
                  000161c0    0000002c     nvocop.obj (.text:findOffset$28)
                  000161ec    0000002c     mac_pib.obj (.text:macPibReset)
                  00016218    0000002c     maclib_secure.a : mac_radio.obj (.text:macRadioSetPanCoordinator)
                  00016244    0000002c                     : mac_symbol_timer.obj (.text:macSymbolTimerICallTimerCback$80)
                  00016270    0000002c                     : mac_tx.obj (.text:macTxRequestCsmaRtcDelay)
                  0001629c    0000002c     osal.obj (.text:osal_msec_timer_cback$18)
                  000162c8    0000002c     saddr.obj (.text:sAddrCmp)
                  000162f4    0000002c     rom_sysbios.aem3 : rom_sysbios.obj (.text:ti_sysbios_knl_Clock_getTicksUntilInterrupt__E)
                  00016320    0000002a                      : rom_sysbios.obj (.text:ti_sysbios_knl_Clock_getTimeout__E)
                  0001634a    0000002a                      : rom_sysbios.obj (.text:xdc_runtime_System_putchar__I)
                  00016374    00000028     drivers_cc13x0.aem3 : CryptoCC26XX.oem3 (.text:CryptoCC26XX_releaseKey)
                  0001639c    00000028     maclib_secure.a : fh_mgr.obj (.text:FHMGR_macCancelFHTimer)
                  000163c4    00000028     ssf.obj (.text:ICall_malloc$37)
                  000163ec    00000028     osal_pwrmgr.obj (.text:ICall_pwrUpdActivityCounter$22)
                  00016414    00000028     mac_security_pib.obj (.text:MAC_MlmeGetPointerSecurityReq)
                  0001643c    00000028     driverlib.lib : aon_batmon.obj (.text:NOROM_AONBatMonTemperatureGetDegC)
                  00016464    00000028                   : rfc.obj (.text:NOROM_RFCDoorbellSendTo)
                  0001648c    00000028     drivers_cc13x0.aem3 : PowerCC26XX.oem3 (.text:Power_registerNotify)
                  000164b4    00000028     driverlib.lib : adi.obj (.text:SafeHapiVoid)
                  000164dc    00000028     board_led.obj (.text:board_led_anyBlinking$6)
                  00016504    00000028     maclib_secure.a : mac_beacon.obj (.text:macBeaconCheckSched)
                  0001652c    00000028                     : mac_mgmt.obj (.text:macCoordAddrCmp)
                  00016554    00000028                     : mac_mgmt.obj (.text:macGetCoordAddress)
                  0001657c    00000028                     : mac_symbol_timer.obj (.text:macSymbolTimerSetTriggerRollover)
                  000165a4    00000028                     : mac_timer.obj (.text:macTimerAligned)
                  000165cc    00000028     osal_memory_icall.obj (.text:osal_mem_alloc)
                  000165f4    00000028     osal_timers.obj (.text:osal_next_timeout)
                  0001661c    00000026     maclib_secure.a : fh_util.obj (.text:FHUTIL_getMaxChannels)
                  00016642    00000026                     : fh_util.obj (.text:FHUTIL_getTxUfsi)
                  00016668    00000026                     : mac_radio.obj (.text:radioComputeED$75)
                  0001668e    00000002     --HOLE-- [fill = 0]
                  00016690    00000024     drivers_cc13x0.aem3 : CryptoCC26XX.oem3 (.text:CryptoCC26XX_hwiIntFxn)
                  000166b4    00000024     maclib_secure.a : fh_api.obj (.text:FHAPI_getTxChHoppingFunc)
                  000166d8    00000024     fh_pib.obj (.text:FHPIB_getLen)
                  000166fc    00000024     rf_multiMode_cc13x0.aem3 : RFCC26XX_multiMode.oem3 (.text:allocCmd)
                  00016720    00000024     maclib_secure.a : mac_mgmt.obj (.text:macApiPending)
                  00016744    00000024                     : mac_device.obj (.text:macAssocFrameResponseTimeout)
                  00016768    00000024                     : mac.obj (.text:macClientSwitchCb)
                  0001678c    00000024                     : mac_radio.obj (.text:macRadioStopScan)
                  000167b0    00000024                     : mac_radio_tx.obj (.text:macRadioTxRequestTxAck)
                  000167d4    00000024                     : mac_rx_onoff.obj (.text:macRxSoftDisable)
                  000167f8    00000024     osal.obj (.text:osal_msg_allocate)
                  0001681c    00000024     rtsv7M3_T_le_eabi.lib : memcmp.obj (.text)
                  00016840    00000024     app_pem3.oem3 (.text:ti_sysbios_BIOS_registerRTSLock__I)
                  00016864    00000024     app_pem3.oem3 (.text:ti_sysbios_BIOS_removeRTSLock__I)
                  00016888    00000024     rom_sysbios.aem3 : rom_sysbios.obj (.text:ti_sysbios_family_arm_cc26xx_Timer_getMaxTicks__E)
                  000168ac    00000024                      : rom_sysbios.obj (.text:xdc_runtime_System_vprintf__E)
                  000168d0    00000022     drivers_cc13x0.aem3 : List.oem3 (.text:List_put)
                  000168f2    00000002     --HOLE-- [fill = 0]
                  000168f4    00000020     maclib_secure.a : fh_data.obj (.text:FHDATA_updateCCA)
                  00016914    00000020                     : fh_util.obj (.text:FHUTIL_updateUcNumChannels)
                  00016934    00000020     hal_flash_wrapper.obj (.text:HalFlashGetAddress)
                  00016954    00000020     osal_memory_icall.obj (.text:ICall_free$21)
                  00016974    00000020     api_mac.obj (.text:ICall_free$31)
                  00016994    00000020     osal.obj (.text:ICall_getTicks$18)
                  000169b4    00000020     sensor.obj (.text:ICall_getTicks$36)
                  000169d4    00000020     maclib_secure.a : fh_api.obj (.text:ICall_getTicks$54)
                  000169f4    00000020                     : fh_data.obj (.text:ICall_getTicks$55)
                  00016a14    00000020                     : fh_mgr.obj (.text:ICall_getTicks$57)
                  00016a34    00000020                     : fh_nt.obj (.text:ICall_getTicks$58)
                  00016a54    00000020                     : fh_util.obj (.text:ICall_getTicks$60)
                  00016a74    00000020     osal.obj (.text:ICall_signal$18)
                  00016a94    00000020     maclib_secure.a : mac_symbol_timer.obj (.text:ICall_signal$80)
                  00016ab4    00000020     driverlib.lib : rfc.obj (.text:NOROM_RFCAdi3VcoLdoVoltageMode)
                  00016ad4    00000020     dpl_cc13x0.aem3 : PowerCC26XX_tirtos.oem3 (.text:PowerCC26XX_schedulerDisable)
                  00016af4    00000020                     : PowerCC26XX_tirtos.oem3 (.text:PowerCC26XX_schedulerRestore)
                  00016b14    00000020     drivers_cc13x0.aem3 : PowerCC26XX.oem3 (.text:Power_unregisterNotify)
                  00016b34    00000020     maclib_secure.a : mac_data.obj (.text:macDataSend)
                  00016b54    00000020                     : mac_device.obj (.text:macPollRxDisassoc)
                  00016b74    00000020                     : mac_rx_onoff.obj (.text:macRxOff)
                  00016b94    00000020                     : mac_rx_onoff.obj (.text:macRxSoftEnable)
                  00016bb4    00000020                     : mac.obj (.text:macSetCurrChan$72)
                  00016bd4    00000020     osal.obj (.text:osal_memcmp)
                  00016bf4    00000020     osal.obj (.text:osal_msg_push)
                  00016c14    00000020     ssf.obj (.text:processScanBackoffTimeoutCallback$37)
                  00016c34    00000020     app_pem3.oem3 (.text:ti_sysbios_BIOS_rtsLock__I)
                  00016c54    00000020     rom_sysbios.aem3 : rom_sysbios.obj (.text:ti_sysbios_family_arm_cc26xx_Timer_dynamicStub__E)
                  00016c74    00000020                      : rom_sysbios.obj (.text:ti_sysbios_knl_Clock_stop__E)
                  00016c94    00000020                      : rom_sysbios.obj (.text:xdc_runtime_Registry_findById__E)
                  00016cb4    0000001e     mac_pib.obj (.text:MAC_GetPHYParamReq)
                  00016cd2    0000001e     drivers_cc13x0.aem3 : PINCC26XX.oem3 (.text:PIN_close)
                  00016cf0    0000001e                         : PowerCC26XX.oem3 (.text:Power_getTransitionLatency)
                  00016d0e    0000001e     mac_pib.obj (.text:macPibIndex)
                  00016d2c    0000001e     maclib_secure.a : mac_scan.obj (.text:macScanFailedInProgress)
                  00016d4a    0000001e                     : mac_timer.obj (.text:macTimerRemoveTimer)
                  00016d68    0000001c                     : fh_api.obj (.text:FHAPI_setStateCb)
                  00016d84    0000001c     fh_pib.obj (.text:FHPIB_getIndex$7)
                  00016da0    0000001c     osal.obj (.text:ICall_abort$18)
                  00016dbc    0000001c     osaltasks.obj (.text:ICall_abort$26)
                  00016dd8    0000001c     driverlib.lib : chipinfo.obj (.text:NOROM_ChipInfo_GetChipFamily)
                  00016df4    0000001c                   : flash.obj (.text:NOROM_FlashProgram)
                  00016e10    0000001c                   : flash.obj (.text:NOROM_FlashSectorErase)
                  00016e2c    0000001c     drivers_cc13x0.aem3 : PINCC26XX.oem3 (.text:PINCC26XX_setIoCfgMux)
                  00016e48    0000001c                         : PINCC26XX.oem3 (.text:PIN_hwi)
                  00016e64    0000001c     rf_multiMode_cc13x0.aem3 : RFCC26XX_multiMode.oem3 (.text:RF_setPowerConstraint)
                  00016e80    0000001c     ssf.obj (.text:Ssf_initializeReadingClock)
                  00016e9c    0000001c     ssf.obj (.text:Ssf_stateChangeUpdate)
                  00016eb8    0000001c     util.obj (.text:Util_clearEvent)
                  00016ed4    0000001c     util.obj (.text:Util_setEvent)
                  00016ef0    0000001c     rf_multiMode_cc13x0.aem3 : RFCC26XX_multiMode.oem3 (.text:clkInactivityFxn)
                  00016f0c    0000001c     nvocop.obj (.text:enableCache$28)
                  00016f28    0000001c     rf_multiMode_cc13x0.aem3 : RFCC26XX_multiMode.oem3 (.text:hwiFxnCpe0ChangePhy)
                  00016f44    0000001c     maclib_secure.a : mac_mgmt.obj (.text:macConflictSyncLossInd)
                  00016f60    0000001c                     : mac_mcu.obj (.text:macMcuTimerCapture)
                  00016f7c    0000001c                     : mac_radio.obj (.text:macRadioSetRE)
                  00016f98    0000001c                     : mac_rx.obj (.text:macRxAckTxDoneCallback)
                  00016fb4    0000001c                     : mac_device.obj (.text:macStartResponseTimer)
                  00016fd0    0000001c                     : mac_symbol_timer.obj (.text:macSymbolTimerPowerDown)
                  00016fec    0000001c                     : mac_timer.obj (.text:macTimer)
                  00017008    0000001c     osal.obj (.text:osal_proxy2alien$18)
                  00017024    0000001c     ssf.obj (.text:processPollTimeoutCallback$37)
                  00017040    0000001c     ssf.obj (.text:processReadingTimeoutCallback$37)
                  0001705c    0000001c     maclib_secure.a : mac_rx.obj (.text:rxDone$77)
                  00017078    0000001c     saddr.obj (.text:sAddrExtCmp)
                  00017094    0000001c     rom_sysbios.aem3 : rom_sysbios.obj (.text:ti_sysbios_knl_Swi_construct2__E)
                  000170b0    0000001a     api_mac.obj (.text:copyApiMacAddrToMacAddr)
                  000170ca    0000001a     maclib_secure.a : mac_low_level.obj (.text:macLowLevelDiags)
                  000170e4    0000001a     rom_sysbios.aem3 : rom_sysbios_config.obj (.text:xdc_runtime_System_printf__E)
                  000170fe    00000002     --HOLE-- [fill = 0]
                  00017100    00000018     api_mac.obj (.text:ApiMac_mlmeSetReqBool)
                  00017118    00000018     api_mac.obj (.text:ApiMac_mlmeSetReqUint16)
                  00017130    00000018     api_mac.obj (.text:ApiMac_mlmeSetReqUint8)
                  00017148    00000018     hal_aes.obj (.text:HalAesInit)
                  00017160    00000018     icall_cc2650.obj (.text:ICallPlatform_pwrDispense)
                  00017178    00000018     icall_cc2650.obj (.text:ICallPlatform_pwrRequire)
[...]
20000bf4  macDataTxBeaconComplete                                                   
20000bf8  macDataCheckTxTime                                                        
20000bfc  macDataBeaconRequeue                                                      
20000c00  macData                                                                   
20000c10  enhancedAckBuf                                                            
20000d0c  pinUpperBound                                                             
20000d10  pinLowerBound                                                             
20000da4  pinHandleTable                                                            
20000e20  PowerCC26XX_module                                                        
20000f34  macAddrSize                                                               
20000f38  FHNT_Dbg                                                                  
20000f40  FHNT_hnd                                                                  
20000f70  FHNT_tempTable                                                            
20000fc2  FHNT_tableOpt                                                             
2000103c  Ssf_resetReseason                                                         
20001040  Ssf_resetCount                                                            
20001140  RF_cmdRat                                                                 
20001148  RF_cmdNop                                                                 
20001158  RF_cmdFs                                                                  
20001170  RF_cmdPropCs                                                              
2000118c  RF_cmdPropCsSlotted                                                       
200011a8  RF_cmdPropTxAdv                                                           
200011c8  RF_cmdPropRadioDivSetup                                                   
200011f0  RF_cmdPropRxAdv                                                           
20001222  Sensor_events                                                             
20001270  Sensor_msgStats                                                           
200012e4  initBroadcastMsg                                                          
200012e6  parentFound                                                               
200012ee  Jdllc_events                                                              
20001310  Jdllc_statistics                                                          
20001390  macPanCoordinator                                                         
20001391  macMgmt                                                                   
20001394  macMgmtAction2                                                            
200013a8  macMgmtAction1                                                            
200013d0  fhObject                                                                  
20001438  ICall_enterCriticalSection                                                
2000143c  ICall_leaveCriticalSection                                                
20001454  HEAPMGR_SIZE                                                              
20001458  ICall_dispatcher                                                          
200014bc  macTaskId                                                                 
200014c0  macMain                                                                   
200014cc  macStateTbl                                                               
200014e0  macReset                                                                  
200014fc  macActionSet                                                              
20001520  macReqAccessTimeCnt                                                       
20001521  reqAccessAlloc                                                            
20001524  rxCmdHandle                                                               
20001526  fsCmdHandle                                                               
2000152c  lastPostCmd                                                               
20001530  macSfdDetectCback                                                         
20001538  macTxTimestamp                                                            
2000153c  pMacRadioConfig                                                           
20001540  rfDrvTblPtr                                                               
20001544  pRfPropTable                                                              
20001548  pRfPropTableOld                                                           
2000154c  pMacRfAntSwitchSel                                                        
20001550  pMacRfAntPwrSel                                                           
20001560  macRxOutput                                                               
2000156c  macFrmFilter                                                              
20001630  FH_FSM                                                                    
2000163c  FHFSM_Dbg                                                                 
200016d0  ti_sysbios_knl_Task_Object__table__V                                      
20001764  pwrmgr_initialized                                                        
20001766  pwrmgr_attribute                                                          
20001768  ti_sysbios_family_arm_cc26xx_Timer_Object__table__V                       
200017b0  macBeaconMargin                                                           
200017d0  macBeacon                                                                 
200017f0  ti_sysbios_gates_GateMutex_Object__table__V                               
20001829  osal_entity                                                               
20001830  osal_qHead                                                                
20001834  osal_eventloop_hook                                                       
20001838  osal_icallMsg_hook                                                        
2000183c  osal_semaphore                                                            
20001840  osal_last_timestamp                                                       
20001844  osal_tickperiod                                                           
20001848  osal_max_msecs                                                            
20001858  macPhyChannel                                                             
20001859  macUnitBackoffPeriod                                                      
2000185e  macPhyTxPower                                                             
20001864  RF_handle                                                                 
2000186c  RF_params                                                                 
20001888  txCmdHandle                                                               
2000188c  pMacEnhancedAck                                                           
20001890  macRadioAckFrame                                                          
20001898  macAckTimer                                                               
200018b8  ti_sysbios_knl_Swi_Module_State_0_readyQ__A                               
200018e8  ti_sysbios_knl_Swi_Object__table__V                                       
20001918  ti_sysbios_knl_Task_Module_State_0_readyQ__A                              
20001948  macTxSlottedDelay                                                         
20001949  macTxSlottedDelayFactor                                                   
2000194a  macTxType                                                                 
2000194b  txAckReq                                                                  
2000194c  macTxBe                                                                   
20001952  macTxCsmaBackoffDelay                                                     
20001954  macCsmaRtcTimerId                                                         
20001958  macAckDbg                                                                 
2000196c  ti_sysbios_knl_Clock_Object__table__V                                     
2000198c  xdc_runtime_Error_IgnoreBlock                                             
200019ac  macSpecUsecsPerSymbol                                                     
200019b0  macPrevPeriodRatCount                                                     
200019b4  macSymbolTimerRollover                                                    
200019b8  macSymbolTimerTrigger                                                     
200019c4  ti_sysbios_family_arm_m3_Hwi_Object__table__V                             
200019dc  ti_sysbios_heaps_HeapMem_Object__table__V                                 
200019f4  ApiMac_appEntity                                                          
20001a00  ApiMac_extAddr                                                            
20001a08  timerUnalignedQ                                                           
20001a0c  timerAlignedQ                                                             
20001a1c  lastRatChanA                                                              
20001a1d  lastRatChanB                                                              
20001a1e  macRxCmdActive                                                            
20001a1f  macTxCmdActive                                                            
20001a20  macFsCmdActive                                                            
20001a22  macReqAccessCnt                                                           
20001a24  macReqAccErrCnt                                                           
20001a26  numRfCmd                                                                  
20001a27  numRxCmd                                                                  
20001a28  numRxPostCmd                                                              
20001a2a  macRadioFreeCnt                                                           
20001a2c  AppTaskId                                                                 
20001a30  pMacCbackQueryRetransmit                                                  
20001a34  pMacCbackCheckPending                                                     
20001a3c  OSAL_timeSeconds                                                          
20001a44  sector_addr                                                               
20001a50  _lock                                                                     
20001a54  _unlock                                                                   
20001a58  ti_sysbios_family_arm_m3_Hwi_Module__root__V                              
20001a60  ti_sysbios_gates_GateHwi_Module__root__V                                  
20001a68  ti_sysbios_gates_GateMutex_Module__root__V                                
20001a70  ti_sysbios_hal_Hwi_Module__root__V                                        
20001a78  ti_sysbios_heaps_HeapMem_Module__root__V                                  
20001a80  ti_sysbios_knl_Clock_Module__root__V                                      
20001a88  ti_sysbios_knl_Mailbox_Module__root__V                                    
20001a90  ti_sysbios_knl_Queue_Module__root__V                                      
20001a98  ti_sysbios_knl_Semaphore_Module__root__V                                  
20001aa0  ti_sysbios_knl_Swi_Module__root__V                                        
20001aa8  ti_sysbios_knl_Task_Module__root__V                                       
20001ab0  xdc_runtime_Registry_Module__state__V                                     
20001ac0  pOverridesTable                                                           
20001ac4  main_func_sp                                                              
20001ac8  ti_sysbios_family_arm_m3_Hwi_Module_State_0_excContext__A                 
20001acc  ti_sysbios_family_arm_m3_Hwi_Module_State_0_excStack__A                   
20001ad0  ti_sysbios_knl_Task_Module_State_0_idleTask__A                            
20001ad4  macRadioYielded                                                           
20001ad5  bInSwi                                                                    
20001ad6  ti_sysbios_family_arm_m3_Hwi_Module_State_0_excActive__A                  
20001ae0  ti_sysbios_heaps_HeapMem_Instance_State_0_buf__A                          
200024a8  ti_sysbios_knl_Task_Instance_State_0_stack__A                             
200026a8  uartCC26XXObjects                                                         
200027d4  macSecurityPib                                                            
20002998  ti_sysbios_family_arm_m3_Hwi_dispatchTable                                
20002a60  FH_txTiming                                                               
20002a94  FH_hnd                                                                    
20002b1c  FHPIB_db                                                                  
20002ba4  cryptoCC26XXObjects                                                       
20002c38  macDevice                                                                 
20002c9c  macScanAction                                                             
20002d18  macBeaconDevice                                                           
20002d4c  uartCC26XXRingBuffer                                                      
20002d8c  rxFhRsl                                                                   
20002d8d  macRxFilter                                                               
20002d8e  rxPromiscuousMode                                                         
20002d9a  macRxDataEntryOffset                                                      
20002da0  rxRadioBufferPtr                                                          
20002dac  macRxDataEntryQueue                                                       
20002e1c  PowerCC26XX_taskKey                                                       
20002e20  PowerCC26XX_swiKey                                                        
20002e24  timerHead                                                                 
20002e2c  cryptoDrvTblPtr                                                           
20002e30  Crypto_handle                                                             
20002e40  ClockP_tickPeriod                                                         
20002e44  comp_time                                                                 
20002e48  tasksEvents                                                               
20002e50  bc_event                                                                  
20002e53  driverlib_release_0_49471                                                 
20002e54  g_hwiInt                                                                  
20002e55  macPwr                                                                    
20002e56  macRxActive                                                               
20002e57  macRxEnableFlags                                                          
20002e58  macRxOutgoingAckFlag                                                      
20002e59  macSymbolTimerImpending                                                   
20002e5a  macTxActive                                                               
20002e5b  heapStart                                                                 
20004b00  __stack                                                                   
20004b00  heapEnd                                                                   
20005000  __STACK_END                                                               
20005000  __STACK_TOP                                                               
e000e000  ti_sysbios_family_arm_m3_Hwi_nvic                                         
ffffffff  __TI_pprof_out_hndl                                                       
ffffffff  __TI_prof_data_size                                                       
ffffffff  __TI_prof_data_start                                                      
ffffffff  __binit__                                                                 
ffffffff  __c_args__                                                                
ffffffff  binit                                                                     
UNDEFED   ClockP_getSystemTicks                                                     
UNDEFED   HwiP_restore                                                              
UNDEFED   SHT$$INIT_ARRAY$$Base                                                     
UNDEFED   SHT$$INIT_ARRAY$$Limit                                                    
UNDEFED   SwiP_restore                                                              
UNDEFED   ti_sysbios_BIOS_RtsGateProxy_Handle__label__S__mangled__                  
UNDEFED   ti_sysbios_BIOS_RtsGateProxy_Params__init__S__mangled__                   
UNDEFED   ti_sysbios_BIOS_RtsGateProxy_query__E__mangled__                          
UNDEFED   ti_sysbios_hal_Hwi_HwiProxy_Module__startupDone__S__mangled__             
UNDEFED   ti_sysbios_hal_Hwi_HwiProxy_Params__init__S__mangled__                    
UNDEFED   ti_sysbios_hal_Hwi_HwiProxy_disableInterrupt__E__mangled__                
UNDEFED   ti_sysbios_hal_Hwi_HwiProxy_enableInterrupt__E__mangled__                 
UNDEFED   ti_sysbios_hal_Hwi_HwiProxy_getStackInfo__E__mangled__                    
UNDEFED   ti_sysbios_hal_Hwi_HwiProxy_startup__E__mangled__                         
UNDEFED   ti_sysbios_hal_Hwi_HwiProxy_switchFromBootStack__E__mangled__             
UNDEFED   ti_sysbios_hal_Hwi_disableInterrupt__E                                    
UNDEFED   ti_sysbios_hal_Hwi_enableInterrupt__E                                     
UNDEFED   ti_sysbios_hal_Hwi_getStackInfo__E                                        
UNDEFED   ti_sysbios_hal_Hwi_startup__E                                             
UNDEFED   ti_sysbios_hal_Hwi_switchFromBootStack__E                                 
UNDEFED   ti_sysbios_heaps_HeapMem_Module_GateProxy_Handle__label__S__mangled__     
UNDEFED   ti_sysbios_heaps_HeapMem_Module_GateProxy_Params__init__S__mangled__      
UNDEFED   ti_sysbios_heaps_HeapMem_Module_GateProxy_query__E__mangled__             
UNDEFED   ti_sysbios_knl_Clock_TimerProxy_Module__startupDone__S__mangled__         
UNDEFED   ti_sysbios_knl_Clock_TimerProxy_startup__E__mangled__                     
UNDEFED   ti_sysbios_knl_Task_SupportProxy_Module__startupDone__S__mangled__        
UNDEFED   ti_sysbios_knl_Task_SupportProxy_getStackAlignment__E__mangled__          
UNDEFED   ti_sysbios_knl_Task_SupportProxy_start__E__mangled__                      
UNDEFED   ti_sysbios_knl_Task_SupportProxy_swap__E__mangled__                       
UNDEFED   xdc_runtime_Main_Module_GateProxy_Handle__label__S                        
UNDEFED   xdc_runtime_Main_Module_GateProxy_query__E                                
UNDEFED   xdc_runtime_Memory_HeapProxy_Handle__label__S__mangled__                  
UNDEFED   xdc_runtime_System_Module_GateProxy_Handle__label__S__mangled__           
UNDEFED   xdc_runtime_System_Module_GateProxy_query__E__mangled__                   
UNDEFED   xdc_runtime_System_SupportProxy_abort__E                                  
UNDEFED   xdc_runtime_System_SupportProxy_exit__E                                   
UNDEFED   xdc_runtime_Timestamp_SupportProxy_get64__E__mangled__                    
UNDEFED   xdc_runtime_Timestamp_SupportProxy_getFreq__E__mangled__                  
UNDEFED   xdc_runtime_Timestamp_get32__E                                            
UNDEFED   xdc_runtime_Timestamp_get64__E                                            
UNDEFED   xdc_runtime_Timestamp_getFreq__E                                          

[1393 symbols]
