******************************************************************************
                  TI ARM Linker PC v16.9.4                     
******************************************************************************
>> Linked Mon Mar 05 22:11:10 2018

OUTPUT FILE NAME:   <sensor_cc1310lp.out>
ENTRY POINT SYMBOL: "ResetISR"  address: 00014761


MEMORY CONFIGURATION

         name            origin    length      used     unused   attr    fill
----------------------  --------  ---------  --------  --------  ----  --------
  FLASH                 00000000   0001e000  0001896a  00005696  R  X
  FLASH_NV              0001e000   00001000  00001000  00000000  RW X
  FLASH_LAST            0001f000   00001000  00000b40  000004c0  R  X
  SRAM                  20000000   00005000  0000334f  00001cb1  RW X


SEGMENT ALLOCATION MAP

run origin  load origin   length   init length attrs members
----------  ----------- ---------- ----------- ----- -------
00000000    00000000    00000bf4   00000bf4    r--
  00000000    00000000    0000003c   0000003c    r-- .resetVecs
  0000003c    0000003c    00000bb8   00000bb8    r-- .const
00001000    00001000    00017d88   00017d88    r-x
  00001000    00001000    0000003c   0000003c    r-- .const:ti_sysbios_knl_Task_Object__PARAMS__C
  0000103c    0000103c    00000034   00000034    r-- .const:ti_sysbios_knl_Mailbox_Object__PARAMS__C
  00001070    00001070    00000030   00000030    r-- .const:ti_sysbios_family_arm_m3_Hwi_Object__PARAMS__C
  000010a0    000010a0    0000002c   0000002c    r-- .const:ti_sysbios_hal_Hwi_Object__PARAMS__C
  000010cc    000010cc    00000028   00000028    r-- .const:ti_sysbios_heaps_HeapMem_Module__FXNS__C
  000010f4    000010f4    00000028   00000028    r-- .const:ti_sysbios_knl_Swi_Object__PARAMS__C
  0000111c    0000111c    00000024   00000024    r-- .const:ti_sysbios_gates_GateHwi_Module__FXNS__C
  00001140    00001140    00000024   00000024    r-- .const:ti_sysbios_gates_GateMutex_Module__FXNS__C
  00001164    00001164    00000024   00000024    r-- .const:ti_sysbios_heaps_HeapMem_Object__PARAMS__C
  00001188    00001188    00000024   00000024    r-- .const:ti_sysbios_knl_Clock_Object__PARAMS__C
  000011ac    000011ac    00000024   00000024    r-- .const:ti_sysbios_knl_Semaphore_Object__PARAMS__C
  000011d0    000011d0    00000020   00000020    r-- .const:ti_sysbios_family_arm_m3_Hwi_Object__DESC__C
  000011f0    000011f0    00000020   00000020    r-- .const:ti_sysbios_gates_GateHwi_Object__DESC__C
  00001210    00001210    00000020   00000020    r-- .const:ti_sysbios_gates_GateMutex_Object__DESC__C
  00001230    00001230    00000020   00000020    r-- .const:ti_sysbios_hal_Hwi_Object__DESC__C
  00001250    00001250    00000020   00000020    r-- .const:ti_sysbios_heaps_HeapMem_Object__DESC__C
  00001270    00001270    00000020   00000020    r-- .const:ti_sysbios_knl_Clock_Object__DESC__C
  00001290    00001290    00000020   00000020    r-- .const:ti_sysbios_knl_Mailbox_Object__DESC__C
  000012b0    000012b0    00000020   00000020    r-- .const:ti_sysbios_knl_Queue_Object__DESC__C
  000012d0    000012d0    00000020   00000020    r-- .const:ti_sysbios_knl_Semaphore_Object__DESC__C
  000012f0    000012f0    00000020   00000020    r-- .const:ti_sysbios_knl_Swi_Object__DESC__C
  00001310    00001310    00000020   00000020    r-- .const:ti_sysbios_knl_Task_Object__DESC__C
  00001330    00001330    00000018   00000018    r-- .const:ti_sysbios_gates_GateHwi_Object__PARAMS__C
  00001348    00001348    00000018   00000018    r-- .const:ti_sysbios_gates_GateMutex_Object__PARAMS__C
  00001360    00001360    00000018   00000018    r-- .const:ti_sysbios_knl_Queue_Object__PARAMS__C
  00001378    00001378    00000008   00000008    r-- .const:ti_sysbios_knl_Idle_funcList__C
  00001384    00001384    00000004   00000004    r-- .const:ti_sysbios_family_arm_cc26xx_Timer_startupNeeded__C
  00001388    00001388    00000004   00000004    r-- .const:ti_sysbios_family_arm_m3_Hwi_E_alreadyDefined__C
  0000138c    0000138c    00000004   00000004    r-- .const:ti_sysbios_family_arm_m3_Hwi_E_hwiLimitExceeded__C
  00001390    00001390    00000004   00000004    r-- .const:ti_sysbios_family_arm_m3_Hwi_NUM_INTERRUPTS__C
  00001394    00001394    00000004   00000004    r-- .const:ti_sysbios_family_arm_m3_Hwi_Object__count__C
  00001398    00001398    00000004   00000004    r-- .const:ti_sysbios_family_arm_m3_Hwi_Object__table__C
  0000139c    0000139c    00000004   00000004    r-- .const:ti_sysbios_family_arm_m3_Hwi_ccr__C
  000013a0    000013a0    00000004   00000004    r-- .const:ti_sysbios_family_arm_m3_Hwi_excHandlerFunc__C
  000013a4    000013a4    00000004   00000004    r-- .const:ti_sysbios_family_arm_m3_Hwi_nullIsrFunc__C
  000013a8    000013a8    00000004   00000004    r-- .const:ti_sysbios_family_arm_m3_Hwi_numSparseInterrupts__C
  000013ac    000013ac    00000004   00000004    r-- .const:ti_sysbios_family_arm_m3_Hwi_priGroup__C
  000013b0    000013b0    00000004   00000004    r-- .const:ti_sysbios_family_arm_m3_TaskSupport_stackAlignment__C
  000013b4    000013b4    00000004   00000004    r-- .const:ti_sysbios_heaps_HeapMem_E_memory__C
  000013b8    000013b8    00000004   00000004    r-- .const:ti_sysbios_heaps_HeapMem_Module__gateObj__C
  000013bc    000013bc    00000004   00000004    r-- .const:ti_sysbios_heaps_HeapMem_Object__count__C
  000013c0    000013c0    00000004   00000004    r-- .const:ti_sysbios_heaps_HeapMem_Object__table__C
  000013c4    000013c4    00000004   00000004    r-- .const:ti_sysbios_heaps_HeapMem_reqAlign__C
  000013c8    000013c8    00000004   00000004    r-- .const:ti_sysbios_knl_Clock_serviceMargin__C
  000013cc    000013cc    00000004   00000004    r-- .const:ti_sysbios_knl_Mailbox_Object__count__C
  000013d0    000013d0    00000004   00000004    r-- .const:ti_sysbios_knl_Mailbox_Object__table__C
  000013d4    000013d4    00000004   00000004    r-- .const:ti_sysbios_knl_Mailbox_maxTypeAlign__C
  000013d8    000013d8    00000004   00000004    r-- .const:ti_sysbios_knl_Queue_Object__count__C
  000013dc    000013dc    00000004   00000004    r-- .const:ti_sysbios_knl_Queue_Object__table__C
  000013e0    000013e0    00000004   00000004    r-- .const:ti_sysbios_knl_Swi_Object__count__C
  000013e4    000013e4    00000004   00000004    r-- .const:ti_sysbios_knl_Swi_Object__table__C
  000013e8    000013e8    00000004   00000004    r-- .const:ti_sysbios_knl_Swi_numPriorities__C
  000013ec    000013ec    00000004   00000004    r-- .const:ti_sysbios_knl_Task_Object__count__C
  000013f0    000013f0    00000004   00000004    r-- .const:ti_sysbios_knl_Task_Object__table__C
  000013f4    000013f4    00000004   00000004    r-- .const:ti_sysbios_knl_Task_allBlockedFunc__C
  000013f8    000013f8    00000004   00000004    r-- .const:ti_sysbios_knl_Task_defaultStackHeap__C
  000013fc    000013fc    00000004   00000004    r-- .const:ti_sysbios_knl_Task_defaultStackSize__C
  00001400    00001400    00000004   00000004    r-- .const:ti_sysbios_knl_Task_numConstructedTasks__C
  00001406    00001406    00000002   00000002    r-- .const:ti_sysbios_family_arm_cc26xx_Timer_Module__id__C
  00001408    00001408    00000002   00000002    r-- .const:ti_sysbios_family_arm_cc26xx_TimestampProvider_useClockTimer__C
  0000140a    0000140a    00000002   00000002    r-- .const:ti_sysbios_family_arm_m3_Hwi_Module__id__C
  0000140c    0000140c    00000002   00000002    r-- .const:ti_sysbios_gates_GateHwi_Module__id__C
  0000140e    0000140e    00000002   00000002    r-- .const:ti_sysbios_gates_GateMutex_Module__id__C
  00001410    00001410    00000002   00000002    r-- .const:ti_sysbios_heaps_HeapMem_Module__id__C
  00001412    00001412    00000002   00000002    r-- .const:ti_sysbios_knl_Task_initStackFlag__C
  00001414    00001414    00000001   00000001    r-- .const:ti_sysbios_knl_Clock_tickMode__C
  00001418    00001418    00000008   00000008    r-- .const:xdc_runtime_Startup_firstFxns__C
  00001420    00001420    00000008   00000008    r-- .const:xdc_runtime_Startup_lastFxns__C
  00001428    00001428    00000004   00000004    r-- .const:xdc_runtime_Assert_E_assertFailed__C
  0000142c    0000142c    00000004   00000004    r-- .const:xdc_runtime_Error_E_memory__C
  00001430    00001430    00000004   00000004    r-- .const:xdc_runtime_Error_policyFxn__C
  00001434    00001434    00000004   00000004    r-- .const:xdc_runtime_IGateProvider_Interface__BASE__C
  00001438    00001438    00000004   00000004    r-- .const:xdc_runtime_IHeap_Interface__BASE__C
  0000143c    0000143c    00000004   00000004    r-- .const:xdc_runtime_IModule_Interface__BASE__C
  00001440    00001440    00000004   00000004    r-- .const:xdc_runtime_Main_Module__diagsEnabled__C
  00001444    00001444    00000004   00000004    r-- .const:xdc_runtime_Main_Module__diagsIncluded__C
  00001448    00001448    00000004   00000004    r-- .const:xdc_runtime_Main_Module__diagsMask__C
  0000144c    0000144c    00000004   00000004    r-- .const:xdc_runtime_Memory_defaultHeapInstance__C
  00001450    00001450    00000004   00000004    r-- .const:xdc_runtime_Startup_execImpl__C
  00001454    00001454    00000004   00000004    r-- .const:xdc_runtime_Startup_maxPasses__C
  00001458    00001458    00000004   00000004    r-- .const:xdc_runtime_Startup_sfxnRts__C
  0000145c    0000145c    00000004   00000004    r-- .const:xdc_runtime_Startup_sfxnTab__C
  00001460    00001460    00000004   00000004    r-- .const:xdc_runtime_Startup_startModsFxn__C
  00001464    00001464    00000004   00000004    r-- .const:xdc_runtime_SysCallback_abortFxn__C
  00001468    00001468    00000004   00000004    r-- .const:xdc_runtime_SysCallback_exitFxn__C
  0000146c    0000146c    00000004   00000004    r-- .const:xdc_runtime_System_abortFxn__C
  00001470    00001470    00000004   00000004    r-- .const:xdc_runtime_System_exitFxn__C
  00001474    00001474    00000004   00000004    r-- .const:xdc_runtime_System_maxAtexitHandlers__C
  00001478    00001478    00000004   00000004    r-- .const:xdc_runtime_Text_charTab__C
  0000147c    0000147c    00000004   00000004    r-- .const:xdc_runtime_Text_nameEmpty__C
  00001480    00001480    00000004   00000004    r-- .const:xdc_runtime_Text_nameStatic__C
  00001484    00001484    00000004   00000004    r-- .const:xdc_runtime_Text_nameUnknown__C
  00001488    00001488    00000002   00000002    r-- .const:xdc_runtime_Main_Module__id__C
  0000148a    0000148a    00000002   00000002    r-- .const:xdc_runtime_Memory_Module__id__C
  0000148c    0000148c    00000002   00000002    r-- .const:xdc_runtime_Text_charCnt__C
  0000148e    0000148e    00000002   00000002    r-- .const:xdc_runtime_Text_isLoaded__C
  00001490    00001490    00000001   00000001    r-- .const:xdc_runtime_Error_policy__C
  00001494    00001494    00000004   00000004    r-- .const:ti_sysbios_rom_ROM_AONRTCChannelEnable
  00001498    00001498    00000004   00000004    r-- .const:ti_sysbios_rom_ROM_AONRTCCompareValueSet
  0000149c    0000149c    00000004   00000004    r-- .const:ti_sysbios_rom_ROM_AONRTCCurrentCompareValueGet
  000014a0    000014a0    00000004   00000004    r-- .const:ti_sysbios_rom_ROM_AONRTCEventClear
  000014a4    000014a4    00000004   00000004    r-- .const:ti_sysbios_rom_ROM_ti_sysbios_family_arm_cc26xx_Timer_getCount64__E
  000014a8    000014a8    00000004   00000004    r-- .const:ti_sysbios_rom_ROM_ti_sysbios_family_arm_cc26xx_Timer_getCurrentTick__E
  000014ac    000014ac    00000004   00000004    r-- .const:ti_sysbios_rom_ROM_ti_sysbios_family_arm_cc26xx_Timer_getMaxTicks__E
  000014b0    000014b0    00000004   00000004    r-- .const:ti_sysbios_rom_ROM_ti_sysbios_family_arm_cc26xx_Timer_initDevice__I
  000014b4    000014b4    00000004   00000004    r-- .const:ti_sysbios_rom_ROM_ti_sysbios_family_arm_cc26xx_Timer_setNextTick__E
  000014b8    000014b8    00000004   00000004    r-- .const:ti_sysbios_rom_ROM_ti_sysbios_family_arm_cc26xx_Timer_setThreshold__I
  000014bc    000014bc    00000004   00000004    r-- .const:ti_sysbios_rom_ROM_ti_sysbios_family_arm_cc26xx_Timer_start__E
  000014c0    000014c0    00000004   00000004    r-- .const:ti_sysbios_rom_ROM_ti_sysbios_family_arm_cc26xx_TimestampProvider_get32__E
  000014c4    000014c4    00000004   00000004    r-- .const:ti_sysbios_rom_ROM_xdc_runtime_Startup_getState__I
  000014c8    000014c8    00000004   00000004    r-- .const:ti_sysbios_rom_ROM_xdc_runtime_System_SupportProxy_abort__E
  000014cc    000014cc    00000004   00000004    r-- .const:ti_sysbios_rom_ROM_xdc_runtime_System_SupportProxy_exit__E
  000014d0    000014d0    00000004   00000004    r-- .const:ti_sysbios_gates_GateMutex_Instance_State_sem__O
  000014d4    000014d4    00000004   00000004    r-- .const:ti_sysbios_knl_Clock_Module_State_clockQ__O
  000014d8    000014d8    00000004   00000004    r-- .const:ti_sysbios_knl_Mailbox_Instance_State_dataQue__O
  000014dc    000014dc    00000004   00000004    r-- .const:ti_sysbios_knl_Mailbox_Instance_State_dataSem__O
  000014e0    000014e0    00000004   00000004    r-- .const:ti_sysbios_knl_Mailbox_Instance_State_freeQue__O
  000014e4    000014e4    00000004   00000004    r-- .const:ti_sysbios_knl_Mailbox_Instance_State_freeSem__O
  000014e8    000014e8    00000004   00000004    r-- .const:ti_sysbios_knl_Semaphore_Instance_State_pendQ__O
  000014ec    000014ec    00000004   00000004    r-- .const:ti_sysbios_knl_Task_Module_State_inactiveQ__O
  000014f0    000014f0    00016984   00016984    r-x .text
  00017e74    00017e74    00000a56   00000a56    r-- config_const
  000188d0    000188d0    000004b8   000004b8    r-- .cinit
0001e000    0001e000    00001ae8   00001ae8    r-x
  0001e000    0001e000    00001000   00001000    r-- .TI.bound:NV_FLASH
  0001f000    0001f000    00000ae8   00000ae8    r-x flash_last_text
0001ffa8    0001ffa8    00000058   00000058    r--
  0001ffa8    0001ffa8    00000058   00000058    r-- .ccfg
20000100    20000100    00002d8b   00000000    rw-
  20000100    20000100    00000044   00000000    rw- .data:ti_sysbios_knl_Task_Module__state__V
  20000144    20000144    00000034   00000000    rw- .data:ti_sysbios_family_arm_m3_Hwi_Module__state__V
  20000178    20000178    0000002c   00000000    rw- .data:ti_sysbios_knl_Clock_Module__state__V
  200001a4    200001a4    00000024   00000000    rw- .data:ti_sysbios_BIOS_Module__state__V
  200001c8    200001c8    0000001c   00000000    rw- .data:ti_sysbios_knl_Swi_Module__state__V
  200001e4    200001e4    00000008   00000000    rw- .data:ti_sysbios_family_arm_cc26xx_Timer_Module__state__V
  200001ec    200001ec    00000004   00000000    rw- .data:ti_sysbios_family_arm_cc26xx_TimestampProvider_Module__state__V
  200001f0    200001f0    00000008   00000000    rw- .data:xdc_runtime_Startup_Module__state__V
  200001f8    200001f8    00000008   00000000    rw- .data:xdc_runtime_System_Module__state__V
  20000200    20000200    00000004   00000000    rw- .data:xdc_runtime_Memory_Module__state__V
  20000208    20000208    00001905   00000000    rw- .data
  20001b10    20001b10    0000137b   00000000    rw- .bss
20004b00    20004b00    00000500   00000000    rw-
  20004b00    20004b00    00000500   00000000    rw- .stack


SECTION ALLOCATION MAP

 output                                  attributes/
section   page    origin      length       input sections
--------  ----  ----------  ----------   ----------------
.const     0    0000003c    00000bb8     
                  0000003c    000001ac     fh_pib.obj (.const:$O6$$)
                  000001e8    000001a0     mac_pib.obj (.const:$O9$$)
                  00000388    0000017c     maclib_secure.a : mac_main.obj (.const:$O36$$)
                  00000504    000000fa                     : fh_sm.obj (.const:FH_stateMatrix)
                  000005fe    00000002     jdllc.obj (.const:keyUsageList$33)
                  00000600    000000cc     icall.obj (.const:$O2$$)
                  000006cc    00000088     jdllc.obj (.const:$O21$$)
                  00000754    0000006e     maclib_secure.a : mac_main.obj (.const:macIdleSt)
                  000007c2    0000006e                     : mac_main.obj (.const:macScanningSt)
                  00000830    0000006c                     : mac_data.obj (.const:$O33$$)
                  0000089c    0000004c     drivers_cc13x0.aem3 : PowerCC26XX.oem3 (.const:resourceDB)
                  000008e8    00000048     app_pem3.oem3 (.const:.string)
                  00000930    00000040     drivers_cc13x0.aem3 : UARTCC26XX.oem3 (.const:$O1$$)
                  00000970    00000040     maclib_secure.a : mac_timer.obj (.const:macTimerRolloverValue)
                  000009b0    00000034     CC13X0_LAUNCHXL.obj (.const:BoardGpioInitTable)
                  000009e4    0000002c     mac_security_pib.obj (.const:macSecurityPibTbl$15)
                  00000a10    00000028     drivers_cc13x0.aem3 : UARTCC26XX.oem3 (.const:UARTCC26XX_fxnTable)
                  00000a38    00000024                         : UART.oem3 (.const:UART_defaultParams)
                  00000a5c    00000024     app_pem3.oem3 (.const:xdc_runtime_Startup_sfxnTab__A)
                  00000a80    00000020     CC13X0_LAUNCHXL.obj (.const:uartCC26XXHWAttrs)
                  00000aa0    0000001c     rf_multiMode_cc13x0.aem3 : RFCC26XX_multiMode.oem3 (.const:RF_defaultParams)
                  00000abc    00000018     CC13X0_LAUNCHXL.obj (.const:PowerCC26XX_config)
                  00000ad4    00000018     CC13X0_LAUNCHXL.obj (.const:UART_config)
                  00000aec    00000018     jdllc.obj (.const:keyDeviceList$33)
                  00000b04    00000018     driverlib.lib : rfc.obj (.const:rfc_defaultIrqAddr$101)
                  00000b1c    00000013     macstack.obj (.const:.string:msacbackSizeTable)
                  00000b2f    00000001     app_pem3.oem3 (.const:xdc_runtime_Text_charTab__A)
                  00000b30    00000012     app_pem3.oem3 (.const:xdc_runtime_Startup_sfxnRts__A)
                  00000b42    00000002     app_pem3.oem3 (.const:xdc_runtime_Text_registryModsLastId__C)
                  00000b44    00000010     CC13X0_LAUNCHXL.obj (.const:CryptoCC26XX_config)
                  00000b54    00000010     CC13X0_LAUNCHXL.obj (.const:cryptoCC26XXHWAttrs)
                  00000b64    0000000c     maclib_secure.a : mac_security.obj (.const:$O40$$)
                  00000b70    0000000c     app_pem3.oem3 (.const:xdc_runtime_Startup_firstFxns__A)
                  00000b7c    00000008     maclib_secure.a : mac_rx.obj (.const:$O46$$)
                  00000b84    00000008                     : fh_api.obj (.const:.string:$P$T0$1$54)
                  00000b8c    00000008                     : fh_ie.obj (.const:.string:$P$T0$1$56)
                  00000b94    00000008                     : fh_nt.obj (.const:.string:FH_InValidEUI)
                  00000b9c    00000008     main.obj (.const:.string:dummyExtAddr$35)
                  00000ba4    00000008     maclib_secure.a : fh_data.obj (.const:.string:fhSupFrameTypes)
                  00000bac    00000008     CC13X0_LAUNCHXL.obj (.const:PINCC26XX_hwAttrs)
                  00000bb4    00000008     app_pem3.oem3 (.const:ti_sysbios_knl_Idle_funcList__A)
                  00000bbc    00000006     ssf.obj (.const:nvResetId$37)
                  00000bc2    00000004     CC13X0_LAUNCHXL.obj (.const)
                  00000bc6    00000004     CC13X0_LAUNCHXL.obj (.const:RFCC26XX_hwAttrs)
                  00000bca    00000002     app_pem3.oem3 (.const:xdc_runtime_Text_unnamedModsLastId__C)
                  00000bcc    00000004     icall_cc2650.obj (.const:events$1$1)
                  00000bd0    00000004     osaltasks.obj (.const:tasksArr)
                  00000bd4    00000004     app_pem3.oem3 (.const:ti_sysbios_family_arm_m3_Hwi_swiDisable__C)
                  00000bd8    00000004     app_pem3.oem3 (.const:ti_sysbios_family_arm_m3_Hwi_swiRestoreHwi__C)
                  00000bdc    00000004     app_pem3.oem3 (.const:ti_sysbios_knl_Clock_tickPeriod__C)
                  00000be0    00000004     app_pem3.oem3 (.const:ti_sysbios_knl_Clock_triggerClock__C)
                  00000be4    00000004     app_pem3.oem3 (.const:xdc_runtime_SysCallback_putchFxn__C)
                  00000be8    00000004     app_pem3.oem3 (.const:xdc_runtime_SysCallback_readyFxn__C)
                  00000bec    00000004     app_pem3.oem3 (.const:xdc_runtime_System_extendFxn__C)
                  00000bf0    00000004     app_pem3.oem3 (.const:xdc_runtime_Text_visitRopeFxn__C)

.text      0    000014f0    00016984     
                  000014f0    000009bc     maclib_secure.a : mac.obj (.text:macRxCb$72)
                  00001eac    00000618                     : mac_rx.obj (.text:rxPayloadIsr$77)
                  000024c4    00000500     driverlib.lib : setup.obj (.text:TrimAfterColdResetWakeupFromShutDown$46)
                  000029c4    00000442     maclib_secure.a : fh_ie.obj (.text:FHIE_parsePie)
                  00002e06    00000002                     : fh_util.obj (.text:FHUTIL_noAction)
                  00002e08    00000430     main.obj (.text:taskFxn)
                  00003238    0000042c     icall_startup.obj (.text:startup_entry)
                  00003664    000003f0     rf_multiMode_cc13x0.aem3 : RFCC26XX_multiMode.oem3 (.text:fsmActiveState)
                  00003a54    000003d0     sensor.obj (.text:Sensor_process)
                  00003e24    00000394     maclib_secure.a : mac_mgmt.obj (.text:macBuildHeader)
                  000041b8    0000036e     api_mac.obj (.text:processIncomingICallMsg$31)
                  00004526    00000002     maclib_secure.a : fh_data.obj (.text:FH_startEDFETimer)
                  00004528    00000360                     : mac_radio.obj (.text:macRadioInit)
                  00004888    0000033c     rom_sysbios.aem3 : rom_sysbios.obj (.text:xdc_runtime_System_doPrint__I)
                  00004bc4    0000030c     drivers_cc13x0.aem3 : PowerCC26XX_calibrateRCOSC.oem3 (.text:PowerCC26XX_auxISR)
                  00004ed0    000002dc     maclib_secure.a : mac_radio_tx.obj (.text:macRadioTxGo)
                  000051ac    000002d8                     : fh_api.obj (.text:FHAPI_getTxParams_old)
                  00005484    000002c6                     : fh_ie.obj (.text:FHIE_gen)
                  0000574a    00000002     rf_multiMode_cc13x0.aem3 : RFCC26XX_multiMode.oem3 (.text:defaultCallback)
                  0000574c    000002c0     osal.obj (.text:osal_start_system)
                  00005a0c    000002ac     maclib_secure.a : fh_ie.obj (.text:FHIE_genPieContent$56)
                  00005cb8    00000284     macwrapper.obj (.text:macWrapperAddDevice)
                  00005f3c    0000025c     maclib_secure.a : fh_api.obj (.text:FHAPI_completeRxCb)
                  00006198    00000258     sensor.obj (.text:processSensorMsgEvt$36)
                  000063f0    0000024c     sensor.obj (.text:dataIndCB$36)
                  0000663c    00000248     maclib_secure.a : mac_data.obj (.text:MAC_McpsDataReq)
                  00006884    00000240                     : mac_mgmt.obj (.text:MAC_MlmeResetReq)
                  00006ac4    00000228     mac_pib.obj (.text:MAC_MlmeSetReq)
                  00006cec    00000228     driverlib.lib : sys_ctrl.obj (.text:NOROM_SysCtrlSetRechargeBeforePowerDown)
                  00006f14    00000224     drivers_cc13x0.aem3 : PowerCC26XX.oem3 (.text:Power_sleep)
                  00007138    00000224     maclib_secure.a : mac_mgmt.obj (.text:macBuildCommonReq)
                  0000735c    0000021e     rtsv7M3_T_le_eabi.lib : ll_div_t2.obj (.text)
                  0000757a    0000020e     maclib_secure.a : mac_security.obj (.text:macIncomingFrameSecurityMaterialRetrieval)
                  00007788    0000020c                     : mac_pwr.obj (.text:macPwrVote)
                  00007994    00000208     drivers_cc13x0.aem3 : CryptoCC26XX.oem3 (.text:cryptoTransactionExecute)
                  00007b9c    00000208     maclib_secure.a : mac_device.obj (.text:macApiAssociateReq)
                  00007da4    00000204                     : fh_api.obj (.text:FHAPI_sendData)
                  00007fa8    00000200                     : mac_beacon_device.obj (.text:macRxBeaconCritical)
                  000081a8    000001fc     rf_multiMode_cc13x0.aem3 : RFCC26XX_multiMode.oem3 (.text:RF_open)
                  000083a4    000001f4     maclib_secure.a : fh_api.obj (.text:FHAPI_start)
                  00008598    000001f4     rtsv7M3_T_le_eabi.lib : ull_div_t2.obj (.text)
                  0000878c    000001d4     mac_security_pib.obj (.text:MAC_MlmeSetSecurityReq)
                  00008960    000001c6     maclib_secure.a : fh_ie.obj (.text:FHIE_extractPie)
                  00008b26    00000002     drivers_cc13x0.aem3 : PowerCC26XX.oem3 (.text:emptyClockFunc)
                  00008b28    000001c4     maclib_secure.a : mac_data.obj (.text:macApiDataReq)
                  00008cec    000001c4                     : mac_tx.obj (.text:txCsmaPrep$81)
                  00008eb0    000001c0     macstack.obj (.text:macStackEventLoop)
                  00009070    000001bc     drivers_cc13x0.aem3 : PINCC26XX.oem3 (.text:PIN_init)
                  0000922c    000001bc     maclib_secure.a : mac_scan.obj (.text:macApiScanReq)
                  000093e8    000001b4                     : fh_ie.obj (.text:FHIE_parseCommonInformation$56)
                  0000959c    000001a4                     : mac_tx.obj (.text:macTxFrame)
                  00009740    0000019c                     : fh_nt.obj (.text:FHNT_getEntry)
                  000098dc    0000019c     rf_multiMode_cc13x0.aem3 : RFCC26XX_multiMode.oem3 (.text:fsmSetupState)
                  00009a78    0000019c     maclib_secure.a : mac_data.obj (.text:macTxCompleteCallback)
                  00009c14    00000194     rf_multiMode_cc13x0.aem3 : RFCC26XX_multiMode.oem3 (.text:RF_scheduleCmd)
                  00009da8    00000190     drivers_cc13x0.aem3 : PowerCC26XX_calibrateRCOSC.oem3 (.text:PowerCC26XX_doCalibrate)
                  00009f38    00000188     maclib_secure.a : mac_ie_build.obj (.text:macBuildPayloadIes)
                  0000a0c0    00000180                     : mac_rx_onoff.obj (.text:macRxOn)
                  0000a240    0000017c     driverlib.lib : crypto.obj (.text:NOROM_CRYPTOCcmInvAuthDecrypt)
                  0000a3bc    0000017c     maclib_secure.a : mac_mgmt.obj (.text:macTxCsmaDelay)
                  0000a538    00000178     driverlib.lib : crypto.obj (.text:NOROM_CRYPTOCcmAuthEncrypt)
                  0000a6b0    00000170     fh_pib.obj (.text:FHPIB_set)
                  0000a820    00000170     rf_multiMode_cc13x0.aem3 : RFCC26XX_multiMode.oem3 (.text:RF_schCmdRunInsertPreempt)
                  0000a990    00000164     drivers_cc13x0.aem3 : UARTCC26XX.oem3 (.text:UARTCC26XX_open)
                  0000aaf4    0000015c     maclib_secure.a : mac_beacon_device.obj (.text:macAutoPoll)
                  0000ac50    0000015c                     : mac_radio_tx.obj (.text:macRadioCsmaTxCb)
                  0000adac    00000154     mac_security_pib.obj (.text:MAC_MlmeGetSecurityReq)
                  0000af00    00000154     maclib_secure.a : mac_mgmt.obj (.text:macApiDisassociateReq)
                  0000b054    00000154     rf_multiMode_cc13x0.aem3 : RFCC26XX_multiMode.oem3 (.text:radioOpDoneCb)
                  0000b1a8    00000148     maclib_secure.a : fh_api.obj (.text:FHAPI_completeTxCb)
                  0000b2f0    00000148     rf_multiMode_cc13x0.aem3 : RFCC26XX_multiMode.oem3 (.text:fsmChangePhyState)
                  0000b438    00000144     macwrapper.obj (.text:macWrapperAddKeyInitFCtr)
                  0000b57c    00000140     nvocop.obj (.text:compactPage$28)
                  0000b6bc    0000013c     rf_multiMode_cc13x0.aem3 : RFCC26XX_multiMode.oem3 (.text:hwiFxnCpe0Active)
                  0000b7f8    00000134     maclib_secure.a : mac_beacon_device.obj (.text:macApiSyncReq)
                  0000b92c    00000130                     : mac_data.obj (.text:macAllocTxBuffer)
                  0000ba5c    00000128                     : fh_nt.obj (.text:FHNT_purgeTimerIsrCb$58)
                  0000bb84    00000128     sensor.obj (.text:Sensor_sendMsg)
                  0000bcac    0000011c     drivers_cc13x0.aem3 : UARTCC26XX.oem3 (.text:UARTCC26XX_read)
                  0000bdc8    0000011c     jdllc.obj (.text:assocCnfCb$33)
                  0000bee4    0000011c     maclib_secure.a : mac_mgmt.obj (.text:macApiWSAsyncReq$67)
                  0000c000    00000118                     : mac_security.obj (.text:macCcmStarTransform)
                  0000c118    00000114     drivers_cc13x0.aem3 : PowerCC26XX.oem3 (.text:Power_init)
                  0000c22c    00000112                         : UARTCC26XX.oem3 (.text:UARTCC26XX_hwiIntFxn)
                  0000c33e    00000002     maclib_secure.a : mac_pwr.obj (.text:macApiPwrOnReq)
                  0000c340    00000108     ssf.obj (.text:Ssf_networkUpdate)
                  0000c448    00000100     rf_multiMode_cc13x0.aem3 : RFCC26XX_multiMode.oem3 (.text:fsmPowerUpState)
                  0000c548    00000100     maclib_secure.a : mac.obj (.text:macSetupRATChanCompare)
                  0000c648    000000fc     rf_multiMode_cc13x0.aem3 : RFCC26XX_multiMode.oem3 (.text:RF_close)
                  0000c744    000000fc     drivers_cc13x0.aem3 : UARTCC26XX.oem3 (.text:UARTCC26XX_write)
                  0000c840    000000f8     maclib_secure.a : fh_ie.obj (.text:FHIE_genCommonInformation$56)
                  0000c938    000000f8     app_pem3.oem3 (.text:xdc_runtime_System_printfExtend__I)
                  0000ca30    000000f4     maclib_secure.a : fh_mgr.obj (.text:FHMGR_bcTimerIsrCb)
                  0000cb24    000000f4                     : mac_radio_tx.obj (.text:macRadioTxPrepCsmaUnslotted)
                  0000cc18    000000f0     driverlib.lib : setup.obj (.text:NOROM_SetupTrimDevice)
                  0000cd08    000000f0     rf_multiMode_cc13x0.aem3 : RFCC26XX_multiMode.oem3 (.text:RF_pendCmd)
                  0000cdf8    000000f0     maclib_secure.a : mac_security.obj (.text:macCcmStarInverseTransform)
                  0000cee8    000000e8                     : mac_main.obj (.text:macSendDataMsg)
                  0000cfd0    000000e4                     : fh_ie.obj (.text:FHIE_parseHie)
                  0000d0b4    000000e4     dpl_cc13x0.aem3 : PowerCC26XX_tirtos.oem3 (.text:PowerCC26XX_standbyPolicy)
                  0000d198    000000e4     rf_multiMode_cc13x0.aem3 : RFCC26XX_multiMode.oem3 (.text:RF_requestAccess)
                  0000d27c    000000e4     maclib_secure.a : mac_beacon.obj (.text:macBeaconSetSched)
                  0000d360    000000e4                     : mac_scan.obj (.text:macScanNextChan)
                  0000d444    000000e0                     : mac_radio_tx.obj (.text:macRadioTxAck$76)
                  0000d524    000000dc     drivers_cc13x0.aem3 : PINCC26XX.oem3 (.text:PINCC26XX_setIoCfg)
                  0000d600    000000dc     rf_multiMode_cc13x0.aem3 : RFCC26XX_multiMode.oem3 (.text:RF_getInfo)
                  0000d6dc    000000dc     sensor.obj (.text:dataCnfCB$36)
                  0000d7b8    000000dc     maclib_secure.a : mac_radio.obj (.text:macRadioPowerUpBeaconMode)
                  0000d894    000000d8                     : fh_nt.obj (.text:FHNT_getRemoveEntryFromTemp$58)
                  0000d96c    000000d8     driverlib.lib : rfc.obj (.text:NOROM_RFCOverrideUpdate)
                  0000da44    000000d8     rf_multiMode_cc13x0.aem3 : RFCC26XX_multiMode.oem3 (.text:RF_schCmdPriority)
                  0000db1c    000000d8     maclib_secure.a : mac_mgmt.obj (.text:macCommStatusInd)
                  0000dbf4    000000d8                     : mac_radio_tx.obj (.text:macRadioLbtTxCb)
                  0000dccc    000000d4     drivers_cc13x0.aem3 : CryptoCC26XX.oem3 (.text:CryptoCC26XX_open)
                  0000dda0    000000d4     maclib_secure.a : fh_api.obj (.text:FHAPI_getTxParams)
                  0000de74    000000d4     driverlib.lib : rfc.obj (.text:NOROM_RFCRfTrimRead)
                  0000df48    000000d4     rf_multiMode_cc13x0.aem3 : RFCC26XX_multiMode.oem3 (.text:RF_control)
                  0000e01c    000000d4                              : RFCC26XX_multiMode.oem3 (.text:RF_postCmd)
                  0000e0f0    000000d0     macstack.obj (.text:MAC_CbackEvent)
                  0000e1c0    000000d0     maclib_secure.a : mac_data.obj (.text:macDataTxSend)
                  0000e290    000000d0                     : mac.obj (.text:macRatCb_A)
                  0000e360    000000d0                     : mac_symbol_timer.obj (.text:macSymbolTimerUpdateWakeup$80)
                  0000e430    000000cc     driverlib.lib : crypto.obj (.text:NOROM_CRYPTOAesCbc)
                  0000e4fc    000000cc     nvocop.obj (.text:NVOCOP_writeItem)
                  0000e5c8    000000cc     maclib_secure.a : mac_security.obj (.text:macOutgoingFrameKeyDescRetrieval)
                  0000e694    000000c8                     : mac_ie_build.obj (.text:macBuildHeaderIes)
                  0000e75c    000000c8                     : mac_scan.obj (.text:macScanRxBeacon)
                  0000e824    000000c4                     : fh_data.obj (.text:FHDATA_procASYNCReq)
                  0000e8e8    000000c4     jdllc.obj (.text:Jdllc_init)
                  0000e9ac    000000c4     maclib_secure.a : mac_data.obj (.text:macDataTxEnqueue)
                  0000ea70    000000c0     rf_multiMode_cc13x0.aem3 : RFCC26XX_multiMode.oem3 (.text:abortCmd)
                  0000eb30    000000c0     maclib_secure.a : mac_device.obj (.text:macDeviceReset)
                  0000ebf0    000000c0                     : mac.obj (.text:macSendFsCmd)
                  0000ecb0    000000c0                     : mac_tx.obj (.text:macTxFrameIsr)
                  0000ed70    000000be                     : fh_ie.obj (.text:FHIE_getLen)
                  0000ee2e    00000002                     : mac_mgmt.obj (.text:macNoAction)
                  0000ee30    000000bc     drivers_cc13x0.aem3 : PowerCC26XX.oem3 (.text:Power_releaseDependency)
                  0000eeec    000000bc                         : UARTCC26XX.oem3 (.text:UARTCC26XX_initHw)
                  0000efa8    000000bc     maclib_secure.a : mac_beacon_device.obj (.text:macBeaconSyncLoss)
                  0000f064    000000bc                     : mac_tx.obj (.text:macTxChannelBusyCallback)
                  0000f120    000000bc     jdllc.obj (.text:pollCnfCb$33)
                  0000f1dc    000000ba     maclib_secure.a : mac_scan.obj (.text:MAC_MlmeScanReq)
                  0000f296    000000b8                     : fh_ie.obj (.text:FHIE_getPieContentLen$56)
                  0000f34e    00000002                     : mac_symbol_timer.obj (.text:macSymbolTimerICallPwrNotify$80)
                  0000f350    000000b8     rf_multiMode_cc13x0.aem3 : RFCC26XX_multiMode.oem3 (.text:RF_dispatchNextCmd)
                  0000f408    000000b8     maclib_secure.a : mac_mgmt.obj (.text:macBuildBeaconNotifyInd)
                  0000f4c0    000000b4     drivers_cc13x0.aem3 : PowerCC26XX.oem3 (.text:Power_setDependency)
                  0000f574    000000b0     maclib_secure.a : fh_nt.obj (.text:FHNT_AddDeviceCB)
                  0000f624    000000b0     board_led.obj (.text:board_led_blinkTimeoutCB$6)
                  0000f6d4    000000b0     maclib_secure.a : mac_rx.obj (.text:rxPostRxUpdates$77)
                  0000f784    000000ac     main.obj (.text:main)
                  0000f830    000000ac     api_mac.obj (.text:processBeaconNotifyInd$31)
                  0000f8dc    000000ac     jdllc.obj (.text:processCoordRealign$33)
                  0000f988    000000aa     maclib_secure.a : fh_ie.obj (.text:FHIE_genExcludedChannelRanges$56)
                  0000fa32    00000002     rtsv7M3_T_le_eabi.lib : i_div0.obj (.text)
                  0000fa34    000000a8     rf_multiMode_cc13x0.aem3 : RFCC26XX_multiMode.oem3 (.text:discardPendCmd)
                  0000fadc    000000a4     maclib_secure.a : fh_ie.obj (.text:FHIE_getChannelPlan$56)
                  0000fb80    000000a4                     : fh_nt.obj (.text:FHNT_addTempEUI$58)
                  0000fc24    000000a4     driverlib.lib : crypto.obj (.text:NOROM_CRYPTOAesEcb)
                  0000fcc8    000000a4     osal.obj (.text:osal_set_event)
                  0000fd6c    000000a4     drivers_cc13x0.aem3 : PowerCC26XX.oem3 (.text:switchXOSCHFclockFunc)
                  0000fe10    000000a0     rf_multiMode_cc13x0.aem3 : RFCC26XX_multiMode.oem3 (.text:RF_schChkCmdInsert)
                  0000feb0    000000a0     ssf.obj (.text:Ssf_findBlackListIndex)
                  0000ff50    000000a0     auto_init.aem3 : auto_init.oem3 (.text)
                  0000fff0    000000a0     jdllc.obj (.text:beaconNotifyIndCb$33)
                  00010090    000000a0     jdllc.obj (.text:scanCnfCb$33)
                  00010130    000000a0     nvocop.obj (.text:writeItem$28)
                  000101d0    0000009e     rom_sysbios.aem3 : rom_sysbios.obj (.text:xdc_runtime_Text_putSite__E)
                  0001026e    00000002     rtsv7M3_T_le_eabi.lib : l_div0.obj (.text)
                  00010270    0000009c     rf_multiMode_cc13x0.aem3 : RFCC26XX_multiMode.oem3 (.text:RF_issueRadioFreeCb)
                  0001030c    0000009c     maclib_secure.a : mac.obj (.text:macRatCb_B)
                  000103a8    0000009c                     : mac_mgmt.obj (.text:macRxBeacon)
                  00010444    0000009c     rtsv7M3_T_le_eabi.lib : memcpy_t2.obj (.text)
                  000104e0    0000009c     rf_multiMode_cc13x0.aem3 : RFCC26XX_multiMode.oem3 (.text:swiFxnHw)
                  0001057c    00000098     maclib_secure.a : fh_api.obj (.text:FHAPI_reset)
                  00010614    00000098                     : fh_data.obj (.text:FHDATA_getPktFromQueue)
                  000106ac    00000098                     : fh_mgr.obj (.text:FHMGR_updateRadioBCChannel)
                  00010744    00000098     drivers_cc13x0.aem3 : PINCC26XX.oem3 (.text:PIN_open)
                  000107dc    00000098                         : UARTCC26XX.oem3 (.text:UARTCC26XX_initIO)
                  00010874    00000098     maclib_secure.a : mac_scan.obj (.text:macScanRxCoordRealign)
                  0001090c    00000098     rom_sysbios.aem3 : rom_sysbios.obj (.text:ti_sysbios_knl_Clock_workFuncDynamic__E)
                  000109a4    00000098                      : rom_sysbios.obj (.text:xdc_runtime_Text_putMod__E)
                  00010a3c    00000094     sensor.obj (.text:jdllcJoinedCb$36)
                  00010ad0    00000094     maclib_secure.a : mac_main.obj (.text:macCbackForEvent)
                  00010b64    00000090     driverlib.lib : crypto.obj (.text:NOROM_CRYPTOAesLoadKey)
                  00010bf4    0000008e     maclib_secure.a : fh_ie.obj (.text:FHIE_extractHie)
                  00010c82    00000002     rom_sysbios.aem3 : rom_sysbios.obj (.text:ti_sysbios_BIOS_linkedWithIncorrectBootLibrary__E)
                  00010c84    0000008c     drivers_cc13x0.aem3 : UARTCC26XX.oem3 (.text:UARTCC26XX_close)
                  00010d10    0000008c                         : UARTCC26XX.oem3 (.text:UARTCC26XX_writeCancel)
                  00010d9c    0000008c     api_mac.obj (.text:copyDataInd$31)
                  00010e28    0000008c     maclib_secure.a : mac_radio_tx.obj (.text:macRadioTxPrepLbt)
                  00010eb4    0000008c                     : mac_tx.obj (.text:txComplete)
                  00010f40    0000008c     drivers_cc13x0.aem3 : UARTCC26XX.oem3 (.text:writeFinishedDoCallback)
                  00010fcc    00000088                         : CryptoCC26XX.oem3 (.text:CryptoCC26XX_allocateKey)
                  00011054    00000088     driverlib.lib : osc.obj (.text:NOROM_OSCHF_GetStartupTime)
                  000110dc    00000088     nvocop.obj (.text:findItem$28)
                  00011164    00000088     maclib_secure.a : mac_timer.obj (.text:macTimerUpdateSymbolTimer)
                  000111ec    00000088     osal.obj (.text:osal_msg_receive)
                  00011274    00000084     board_led.obj (.text:Board_Led_control)
                  000112f8    00000084     rf_multiMode_cc13x0.aem3 : RFCC26XX_multiMode.oem3 (.text:RF_ratDisableChannel)
                  0001137c    00000084     maclib_secure.a : mac_mcu.obj (.text:macMcuBitReverse)
                  00011400    00000084                     : mac_device.obj (.text:macRxAssocRsp)
                  00011484    00000084                     : mac_beacon_device.obj (.text:macTrackPeriodCallback)
                  00011508    00000080     rf_multiMode_cc13x0.aem3 : RFCC26XX_multiMode.oem3 (.text:RF_prepareRadio)
                  00011588    00000080                              : RFCC26XX_multiMode.oem3 (.text:hwiFxnCpe0PowerFsm)
                  00011608    00000080     maclib_secure.a : mac_beacon_device.obj (.text:macTrackTimeoutCallback)
                  00011688    00000080     mac_user_config.obj (.text:rf_patch_rfe_genfsk$34)
                  00011708    0000007c     jdllc.obj (.text:Jdllc_securityInit)
                  00011784    0000007c     driverlib.lib : crypto.obj (.text:NOROM_CRYPTOCcmInvAuthDecryptResultGet)
                  00011800    0000007c     maclib_secure.a : mac_mcu.obj (.text:macMcuOverflowSetPeriod)
                  0001187c    0000007c                     : mac_radio_tx.obj (.text:macRadioTxAckCb$76)
                  000118f8    0000007c     jdllc.obj (.text:syncLossCb$33)
                  00011974    0000007a     rtsv7M3_T_le_eabi.lib : memset_t2.obj (.text)
                  000119ee    00000002     app_pem3.oem3 (.text:ti_sysbios_BIOS_nullFunc__I)
                  000119f0    00000078     maclib_secure.a : fh_util.obj (.text:FHUTIL_getCurBfio)
                  00011a68    00000078     rf_multiMode_cc13x0.aem3 : RFCC26XX_multiMode.oem3 (.text:RF_ratCompare)
                  00011ae0    00000078                              : RFCC26XX_multiMode.oem3 (.text:RF_yield)
                  00011b58    00000078     maclib_secure.a : mac_beacon.obj (.text:macBeaconCheckTxTime)
                  00011bd0    00000078                     : mac_scan.obj (.text:macScanStartTimer)
                  00011c48    00000078     jdllc.obj (.text:sendAssocReq$33)
                  00011cc0    00000078     drivers_cc13x0.aem3 : UARTCC26XX.oem3 (.text:writeTxFifoFlush)
                  00011d38    00000076     maclib_secure.a : mac_security.obj (.text:macKeyDescriptorLookup)
                  00011dae    00000002     rom_sysbios.aem3 : rom_sysbios.obj (.text:ti_sysbios_knl_Clock_triggerFunc__I)
                  00011db0    00000074     maclib_secure.a : fh_api.obj (.text:FHAPI_startBS)
                  00011e24    00000074                     : fh_nt.obj (.text:FHNT_getNTIndexFromTempIndex$58)
                  00011e98    00000074     icall_cc2650.obj (.text:ICallPlatform_pwrUpdActivityCounter)
                  00011f0c    00000074     rf_multiMode_cc13x0.aem3 : RFCC26XX_multiMode.oem3 (.text:hwiFxnHw)
                  00011f80    00000074     maclib_secure.a : mac_mcu.obj (.text:macMcuOverflowSetCompare)
                  00011ff4    00000074                     : mac_radio.obj (.text:macRadioUpdateChannel)
                  00012068    00000074                     : mac_radio.obj (.text:macRadioUpdateChannelRx)
                  000120dc    00000074                     : mac_radio.obj (.text:macRadioUpdateTxPower)
                  00012150    00000074     osal_pwrmgr.obj (.text:osal_pwrmgr_task_state)
                  000121c4    00000074     rom_sysbios.aem3 : rom_sysbios.obj (.text:ti_sysbios_family_arm_cc26xx_Timer_start__E)
                  00012238    00000070     maclib_secure.a : fh_dh1cf.obj (.text:FHDH1CF_getBCChannelNum)
                  000122a8    00000070     jdllc.obj (.text:dataCnfCb$33)
                  00012318    00000070     maclib_secure.a : mac_tx.obj (.text:macTxAckReceivedCallback)
                  00012388    00000070     nvocop.obj (.text:writeWord$28)
                  000123f8    0000006d     rom_sysbios.aem3 : rom_sysbios.obj (.text:xdc_runtime_System_formatNum__I)
                  00012465    00000001     --HOLE-- [fill = 0]
                  00012466    00000002     app_pem3.oem3 (.text:ti_sysbios_rom_cortexm_cc13xx_CC13xx_badRomRevision__E)
                  00012468    0000006c     drivers_cc13x0.aem3 : PowerCC26XX_calibrateRCOSC.oem3 (.text:PowerCC26XX_initiateCalibration)
                  000124d4    0000006c     maclib_secure.a : mac_tx.obj (.text:txGo$81)
                  00012540    00000068                     : fh_data.obj (.text:FHDATA_purgePktFromQueue)
                  000125a8    00000068     driverlib.lib : sys_ctrl.obj (.text:NOROM_SysCtrlAdjustRechargeAfterPowerDown)
                  00012610    00000068                   : sys_ctrl.obj (.text:NOROM_SysCtrl_DCDC_VoltageConditionalControl)
                  00012678    00000068     ssf.obj (.text:Ssf_getNetworkInfo)
                  000126e0    00000068     drivers_cc13x0.aem3 : UARTCC26XX.oem3 (.text:UARTCC26XX_readCancel)
                  00012748    00000068     rtsv7M3_T_le_eabi.lib : copy_decompress_lzss.obj (.text:decompress:lzss)
                  000127b0    00000068     rf_multiMode_cc13x0.aem3 : RFCC26XX_multiMode.oem3 (.text:fsmXOSCState)
                  00012818    00000068     drivers_cc13x0.aem3 : PowerCC26XX.oem3 (.text:lfClockReadyCallback)
                  00012880    00000068     maclib_secure.a : mac_main.obj (.text:macSendMsg)
                  000128e8    00000068                     : mac_beacon_device.obj (.text:macSyncTimeoutCallback)
                  00012950    00000068     jdllc.obj (.text:sendScanReq$33)
                  000129b8    00000068     jdllc.obj (.text:updateState$33)
                  00012a20    00000064     maclib_secure.a : fh_nt.obj (.text:FHNT_putEntry)
                  00012a84    00000064     driverlib.lib : osc.obj (.text:NOROM_OSCHF_AttemptToSwitchToXosc)
                  00012ae8    00000064     drivers_cc13x0.aem3 : PowerCC26XX.oem3 (.text:configureXOSCHF)
                  00012b4c    00000064     nvocop.obj (.text:findItemInCache$28)
                  00012bb0    00000064     maclib_secure.a : mac_device.obj (.text:macAssocDataRxInd)
                  00012c14    00000064                     : mac_data.obj (.text:macDataTxComplete)
                  00012c78    00000064                     : mac_device.obj (.text:macRxCoordRealign)
                  00012cdc    00000064                     : mac_mgmt.obj (.text:macRxDisassoc)
                  00012d40    00000064                     : mac_rx.obj (.text:macRxHaltCleanup)
                  00012da4    00000064                     : mac_symbol_timer.obj (.text:macSymbolTimerInit)
                  00012e08    00000064     osal.obj (.text:osal_msg_enqueue_push$18)
                  00012e6c    00000062     maclib_secure.a : mac_mgmt.obj (.text:macBuildWSAsyncMsg$67)
                  00012ece    00000002     rom_sysbios.aem3 : rom_sysbios.obj (.text:xdc_runtime_SysCallback_defaultAbort)
                  00012ed0    00000060     driverlib.lib : osc.obj (.text:NOROM_OSCClockSourceSet)
                  00012f30    00000060     drivers_cc13x0.aem3 : UARTCC26XX.oem3 (.text:UARTCC26XX_control)
                  00012f90    00000060     maclib_secure.a : mac_data.obj (.text:macFrameDuration)
                  00012ff0    00000060                     : mac_radio.obj (.text:macGetRadioTxPowerReg)
                  00013050    00000060                     : mac_scan.obj (.text:macScanComplete)
                  000130b0    00000060                     : mac_beacon_device.obj (.text:macTrackStartCallback)
                  00013110    00000060     osal.obj (.text:osal_msg_send)
                  00013170    0000005e     maclib_secure.a : fh_mgr.obj (.text:FHMGR_updateRadioUCChannel)
                  000131ce    00000002     rom_sysbios.aem3 : rom_sysbios.obj (.text:xdc_runtime_SysCallback_defaultExit)
                  000131d0    0000005c     jdllc.obj (.text:Jdllc_addSecDevice)
                  0001322c    0000005c     maclib_secure.a : mac_mgmt.obj (.text:MAC_ResumeReq)
                  00013288    0000005c     drivers_cc13x0.aem3 : PowerCC26XX_calibrateRCOSC.oem3 (.text:PowerCC26XX_RCOSC_clockFunc)
                  000132e4    0000005c                         : PowerCC26XX.oem3 (.text:PowerCC26XX_calibrate)
                  00013340    0000005c     maclib_secure.a : mac_symbol_timer.obj (.text:macSymbolTimerEventHandler$80)
                  0001339c    0000005c     rf_multiMode_cc13x0.aem3 : RFCC26XX_multiMode.oem3 (.text:syncCb)
                  000133f8    0000005c     app_pem3.oem3 (.text:xdc_runtime_Startup_getState__I)
                  00013454    0000005b     rom_sysbios.aem3 : rom_sysbios.obj (.text:xdc_runtime_Text_putLab__E)
                  000134af    00000001     --HOLE-- [fill = 0]
                  000134b0    00000058     maclib_secure.a : fh_util.obj (.text:FHUTIL_getBitCounts)
                  00013508    00000058     drivers_cc13x0.aem3 : PINCC26XX.oem3 (.text:PIN_remove)
                  00013560    00000058     mac_user_config.obj (.text:applyGenfskPatch$34)
                  000135b8    00000058     rf_multiMode_cc13x0.aem3 : RFCC26XX_multiMode.oem3 (.text:applyRfCorePatch)
                  00013610    00000058                              : RFCC26XX_multiMode.oem3 (.text:calculateDispatchTime)
                  00013668    00000058     maclib_secure.a : mac_main.obj (.text:macExecute)
                  000136c0    00000058                     : mac_device.obj (.text:macPollDataRxInd)
                  00013718    00000058                     : mac_timer.obj (.text:macTimerAddTimer)
                  00013770    00000058     rf_multiMode_cc13x0.aem3 : RFCC26XX_multiMode.oem3 (.text:ratChanAlloc)
                  000137c8    00000058                              : RFCC26XX_multiMode.oem3 (.text:ratChanFree)
                  00013820    00000054     drivers_cc13x0.aem3 : CryptoCC26XX.oem3 (.text:CryptoCC26XX_close)
                  00013874    00000054     maclib_secure.a : fh_mgr.obj (.text:FHMGR_macStartFHTimer)
                  000138c8    00000054     uart_printf.obj (.text:UartPrintf_flush)
                  0001391c    00000054     maclib_secure.a : mac_device.obj (.text:macApiPollReq)
                  00013970    00000054                     : mac_mgmt.obj (.text:macDisassocComplete)
                  000139c4    00000054                     : mac_radio.obj (.text:macRadioWakeupCb)
                  00013a18    00000054                     : mac_symbol_timer.obj (.text:macSymbolTimerSetRollover)
                  00013a6c    00000054                     : mac_ie_parse.obj (.text:macUpdatePayloadIEPtr)
                  00013ac0    00000054     api_mac.obj (.text:processScanCnf$31)
                  00013b14    00000052     maclib_secure.a : fh_ie.obj (.text:FHIE_genExcludedChannelMask$56)
                  00013b66    00000052                     : fh_ie.obj (.text:FHIE_getSubPie$56)
                  00013bb8    00000050                     : fh_data.obj (.text:FHDATA_requeuePkt)
                  00013c08    00000050                     : fh_nt.obj (.text:FHNT_DelDeviceCB)
                  00013c58    00000050     driverlib.lib : crypto.obj (.text:NOROM_CRYPTOCcmAuthEncryptResultGet)
                  00013ca8    00000050     rf_multiMode_cc13x0.aem3 : RFCC26XX_multiMode.oem3 (.text:RF_getCurrentTime)
                  00013cf8    00000050                              : RFCC26XX_multiMode.oem3 (.text:RF_ieeeExpansion)
                  00013d48    00000050     maclib_secure.a : mac_device.obj (.text:macAssocDataReqComplete)
                  00013d98    00000050                     : mac_beacon_device.obj (.text:macBeaconStartFrameResponseTimer)
                  00013de8    00000050                     : mac.obj (.text:macFsCb$72)
                  00013e38    00000050                     : mac_radio.obj (.text:macRadioSetChannel)
                  00013e88    00000050                     : mac_timer.obj (.text:macTimerCancel)
                  00013ed8    00000050     drivers_cc13x0.aem3 : UARTCC26XX.oem3 (.text:startTxFifoEmptyClk)
                  00013f28    0000004c     maclib_secure.a : fh_ie.obj (.text:FHIE_getCcaSfdTime$56)
                  00013f74    0000004c                     : fh_mgr.obj (.text:FHMGR_ucTimerIsrCb)
                  00013fc0    0000004c     fh_pib.obj (.text:FHPIB_get)
                  0001400c    0000004c     rf_multiMode_cc13x0.aem3 : RFCC26XX_multiMode.oem3 (.text:RF_wakeupNotifyFxn)
                  00014058    0000004c     ssf.obj (.text:Ssf_configurationUpdate)
                  000140a4    0000004c     maclib_secure.a : mac_rx.obj (.text:macRxNokIsr)
                  000140f0    0000004c                     : mac_rx_onoff.obj (.text:macRxOffRequest)
                  0001413c    0000004c                     : mac_tx.obj (.text:macTxAckNotReceivedCallback)
                  00014188    0000004c     rtsv7M3_T_le_eabi.lib : cpy_tbl.obj (.text)
                  000141d4    0000004a     maclib_secure.a : fh_dh1cf.obj (.text:FHDH1CF_mapChIdxChannel)
                  0001421e    0000004a     macstack.obj (.text:icall_slimMsgParser)
                  00014268    00000048     board_lcd.obj (.text:Board_Lcd_writeStringValue)
                  000142b0    00000048     dpl_cc13x0.aem3 : ClockP_tirtos.oem3 (.text:ClockP_construct)
                  000142f8    00000048     maclib_secure.a : fh_sm.obj (.text:FHSM_event)
                  00014340    00000048     jdllc.obj (.text:Jdllc_sendDisassociationRequest)
                  00014388    00000048     drivers_cc13x0.aem3 : PINCC26XX.oem3 (.text:PIN_setOutputEnable)
                  000143d0    00000048     rf_multiMode_cc13x0.aem3 : RFCC26XX_multiMode.oem3 (.text:Q_push)
                  00014418    00000048     timer.obj (.text:Timer_construct)
                  00014460    00000048     util.obj (.text:Util_itoa)
                  000144a8    00000048     maclib_secure.a : mac_device.obj (.text:macAssocDataReq)
                  000144f0    00000048                     : mac.obj (.text:macStopCmd)
                  00014538    00000048     rf_multiMode_cc13x0.aem3 : RFCC26XX_multiMode.oem3 (.text:postDirImmCmd)
                  00014580    00000046     maclib_secure.a : fh_dh1cf.obj (.text:FHDH1CF_getCh)
                  000145c6    00000046                     : fh_ie.obj (.text:FHIE_getCommonInformationLen$56)
                  0001460c    00000044                     : fh_api.obj (.text:FHAPI_getRemDT)
                  00014650    00000044                     : fh_nt.obj (.text:FHNT_getEUI)
                  00014694    00000044     mac_pib.obj (.text:MAC_MlmeGetReq)
                  000146d8    00000044     rf_multiMode_cc13x0.aem3 : RFCC26XX_multiMode.oem3 (.text:RF_releasePowerConstraint)
                  0001471c    00000044     drivers_cc13x0.aem3 : RingBuf.oem3 (.text:RingBuf_put)
                  00014760    00000044     boot.aem3 : boot.oem3 (.text)
                  000147a4    00000044     nvocop.obj (.text:erasePage$28)
                  000147e8    00000044     ssf.obj (.text:getNumBlackListEntries$37)
                  0001482c    00000044     maclib_secure.a : mac_device.obj (.text:macPollDataReqComplete)
                  00014870    00000044                     : mac.obj (.text:macSetupReceiveCmd)
                  000148b4    00000044                     : mac_device.obj (.text:macStartFrameResponseTimer)
                  000148f8    00000044     drivers_cc13x0.aem3 : PowerCC26XX.oem3 (.text:notify)
                  0001493c    00000044     jdllc.obj (.text:populateInfo$33)
                  00014980    00000044     rom_sysbios.aem3 : rom_sysbios.obj (.text:xdc_runtime_Text_xprintf__I)
                  000149c4    00000042     api_mac.obj (.text:copyMacPanDescToApiMacPanDesc$31)
                  00014a06    00000002     --HOLE-- [fill = 0]
                  00014a08    00000040     maclib_secure.a : fh_dh1cf.obj (.text:FHDH1CF_hashword)
                  00014a48    00000040     hal_trng_wrapper.obj (.text:HalTRNG_GetTRNG)
                  00014a88    00000040     osal.obj (.text:ICall_setTimer$18)
                  00014ac8    00000040     maclib_secure.a : mac_symbol_timer.obj (.text:ICall_setTimer$80)
                  00014b08    00000040                     : mac_tx.obj (.text:ICall_setTimer$81)
                  00014b48    00000040     driverlib.lib : chipinfo.obj (.text:NOROM_ChipInfo_GetHwRevision)
                  00014b88    00000040     nvocop.obj (.text:NVOCOP_initNV)
                  00014bc8    00000040     drivers_cc13x0.aem3 : PINCC26XX.oem3 (.text:PIN_swi)
                  00014c08    00000040     rf_multiMode_cc13x0.aem3 : RFCC26XX_multiMode.oem3 (.text:RF_getRssi)
                  00014c48    00000040     drivers_cc13x0.aem3 : UART.oem3 (.text:UART_init)
                  00014c88    00000040                         : UART.oem3 (.text:UART_open)
                  00014cc8    00000040     jdllc.obj (.text:handleMaxDataFail$33)
                  00014d08    00000040     maclib_secure.a : mac_mcu.obj (.text:macMcuInit)
                  00014d48    00000040                     : mac_device.obj (.text:macPollFrameResponseTimeout)
                  00014d88    00000040                     : mac_main.obj (.text:mac_msg_deallocate)
                  00014dc8    00000040     rtsv7M3_T_le_eabi.lib : u_divt2.obj (.text)
                  00014e08    00000040     jdllc.obj (.text:sendPollReq$33)
                  00014e48    00000040     rom_sysbios.aem3 : rom_sysbios.obj (.text:ti_sysbios_family_arm_cc26xx_Timer_setThreshold__I)
                  00014e88    0000003e     dpl_cc13x0.aem3 : HwiP_tirtos.oem3 (.text:HwiP_construct)
                  00014ec6    0000003e     drivers_cc13x0.aem3 : RingBuf.oem3 (.text:RingBuf_get)
                  00014f04    0000003c     maclib_secure.a : fh_mgr.obj (.text:FHMGR_updateHopping)
                  00014f40    0000003c                     : fh_util.obj (.text:FHUTIL_getCurUfsi)
                  00014f7c    0000003c     icall_cc2650.obj (.text:ICallPlatform_pwrConfigACAction)
                  00014fb8    0000003c     api_mac.obj (.text:ICall_sendServiceMsg$31)
                  00014ff4    0000003c     osal.obj (.text:ICall_setTimerMSecs$18)
                  00015030    0000003c     driverlib.lib : osc.obj (.text:NOROM_OSC_HPOSCRelativeFrequencyOffsetGet)
                  0001506c    0000003c                   : rfc.obj (.text:NOROM_RFCSynthPowerDown)
                  000150a8    0000003c     nvocop.obj (.text:NVOCOP_compactNV)
                  000150e4    0000003c     nvocop.obj (.text:NVOCOP_deleteItem)
                  00015120    0000003c     drivers_cc13x0.aem3 : PowerCC26XX.oem3 (.text:PowerCC26XX_isStableXOSC_HF)
                  0001515c    0000003c     dpl_cc13x0.aem3 : SwiP_tirtos.oem3 (.text:SwiP_construct)
                  00015198    0000003c     board_key.obj (.text:board_key_keyFxn$4)
                  000151d4    0000003c     drivers_cc13x0.aem3 : PowerCC26XX.oem3 (.text:disableLfClkQualifiersEnableClkLoss)
                  00015210    0000003c     rf_multiMode_cc13x0.aem3 : RFCC26XX_multiMode.oem3 (.text:getCmd)
                  0001524c    0000003c     maclib_secure.a : mac_mgmt.obj (.text:macBcTimerHandler)
                  00015288    0000003c                     : mac_beacon.obj (.text:macBeaconRequeue)
                  000152c4    0000003c                     : mac_rx_onoff.obj (.text:macRxDisable)
                  00015300    0000003c                     : mac.obj (.text:macSetupFsCmd)
                  0001533c    0000003c                     : mac_tx.obj (.text:macTxDecrypt)
                  00015378    0000003c     osal.obj (.text:osal_msg_extract)
                  000153b4    0000003c     rom_sysbios.aem3 : rom_sysbios.obj (.text:ti_sysbios_family_arm_m3_Hwi_construct2__E)
                  000153f0    0000003a     maclib_secure.a : fh_dh1cf.obj (.text:FHDH1CF_getChannelNum)
                  0001542a    0000003a     util.obj (.text:Util_bufferUint32)
                  00015464    00000038     maclib_secure.a : fh_api.obj (.text:FHAPI_stopAsync)
                  0001549c    00000038     hal_trng_wrapper.obj (.text:HalTRNG_InitTRNG)
                  000154d4    00000038     macstack.obj (.text:ICall_enrollService$25)
                  0001550c    00000038     maclib_secure.a : fh_mgr.obj (.text:ICall_setTimer$57)
                  00015544    00000038     main.obj (.text:Main_assertHandler)
                  0001557c    00000038     nvocop.obj (.text:NVOCOP_readItem)
                  000155b4    00000038     drivers_cc13x0.aem3 : PINCC26XX.oem3 (.text:PIN_setOutputValue)
                  000155ec    00000038                         : UARTCC26XX.oem3 (.text:UARTCC26XX_swiIntFxn)
                  00015624    00000038     jdllc.obj (.text:disassoCnfCb$33)
                  0001565c    00000038     maclib_secure.a : mac_device.obj (.text:macAssocFailed)
                  00015694    00000038     mac_pib.obj (.text:macMRFSKGetPhyDesc)
                  000156cc    00000038     maclib_secure.a : mac.obj (.text:macSetUserConfig)
                  00015704    00000038                     : mac_beacon_device.obj (.text:macStartBroadcastPendTimer)
                  0001573c    00000038                     : mac_symbol_timer.obj (.text:macSymbolTimerCount)
                  00015774    00000038     osal.obj (.text:osal_msg_dequeue)
                  000157ac    00000038     drivers_cc13x0.aem3 : UARTCC26XX.oem3 (.text:readData)
                  000157e4    00000038     rom_sysbios.aem3 : rom_sysbios.obj (.text:ti_sysbios_family_arm_cc26xx_Timer_getCurrentTick__E)
                  0001581c    00000038     drivers_cc13x0.aem3 : UARTCC26XX.oem3 (.text:writeData)
                  00015854    00000036     maclib_secure.a : fh_ie.obj (.text:FHIE_getPie$56)
                  0001588a    00000002     --HOLE-- [fill = 0]
                  0001588c    00000034                     : fh_api.obj (.text:FHAPI_SFDRxCb)
                  000158c0    00000034     osal.obj (.text:ICall_send$18)
                  000158f4    00000034     driverlib.lib : ddi.obj (.text:NOROM_DDI32RegWrite)
                  00015928    00000034                   : osc.obj (.text:NOROM_OSCHF_SwitchToRcOscTurnOffXosc)
                  0001595c    00000034     drivers_cc13x0.aem3 : PINCC26XX.oem3 (.text:PIN_setConfig)
                  00015990    00000034                         : PowerCC26XX.oem3 (.text:Power_releaseConstraint)
                  000159c4    00000034     rf_multiMode_cc13x0.aem3 : RFCC26XX_multiMode.oem3 (.text:Q_end)
                  000159f8    00000034                              : RFCC26XX_multiMode.oem3 (.text:RF_checkCmdFsError)
                  00015a2c    00000034     nvocop.obj (.text:disableCache$28)
                  00015a60    00000034     maclib_secure.a : mac_device.obj (.text:macAssociateCnf)
                  00015a94    00000034                     : mac_beacon_device.obj (.text:macBeaconStopTrack)
                  00015ac8    00000034                     : mac_timer.obj (.text:macTimerRecalcUnaligned)
                  00015afc    00000034                     : mac_tx.obj (.text:macTxUpdateIE)
                  00015b30    00000034     osal.obj (.text:osal_msg_enqueue)
                  00015b64    00000034     rom_sysbios.aem3 : rom_sysbios.obj (.text:ti_sysbios_family_arm_cc26xx_Timer_initDevice__I)
                  00015b98    00000034                      : rom_sysbios.obj (.text:ti_sysbios_knl_Swi_setPri__E)
                  00015bcc    00000032     maclib_secure.a : fh_ie.obj (.text:FHIE_getHie$56)
                  00015bfe    00000032     icall_cc2650.obj (.text:ICallPlatform_pwrNotify$1)
                  00015c30    00000032     maclib_secure.a : mac_scan.obj (.text:macScanCnfInit)
                  00015c62    00000032     rom_sysbios.aem3 : rom_sysbios.obj (.text:ti_sysbios_family_arm_cc26xx_Timer_setNextTick__E)
                  00015c94    00000030     maclib_secure.a : fh_nt.obj (.text:FHNT_delTempIndex$58)
                  00015cc4    00000030     hal_flash_wrapper.obj (.text:HalFlashRead)
                  00015cf4    00000030     icall_cc2650.obj (.text:ICallPlatform_pwrRegisterNotify)
                  00015d24    00000030     driverlib.lib : crypto.obj (.text:NOROM_CRYPTOAesEcbStatus)
                  00015d54    00000030                   : crypto.obj (.text:NOROM_CRYPTOCcmAuthEncryptStatus)
                  00015d84    00000030                   : crypto.obj (.text:NOROM_CRYPTOCcmInvAuthDecryptStatus)
                  00015db4    00000030                   : chipinfo.obj (.text:NOROM_ChipInfo_GetChipType)
                  00015de4    00000030                   : setup_rom.obj (.text:NOROM_SetupSetAonRtcSubSecInc)
                  00015e14    00000030     drivers_cc13x0.aem3 : PowerCC26XX.oem3 (.text:Power_setConstraint)
                  00015e44    00000030     ssf.obj (.text:Ssf_clearNetworkInfo)
                  00015e74    00000030     ssf.obj (.text:Ssf_setPollClock)
                  00015ea4    00000030     ssf.obj (.text:Ssf_setReadingClock)
                  00015ed4    00000030     ssf.obj (.text:Ssf_setScanBackoffClock)
                  00015f04    00000030     jdllc.obj (.text:disassocIndCb$33)
                  00015f34    00000030     maclib_secure.a : mac_timer.obj (.text:macTimerSetRollover)
                  00015f64    00000030     osal.obj (.text:osal_alien2proxy)
                  00015f94    00000030     drivers_cc13x0.aem3 : UARTCC26XX.oem3 (.text:readData2RingBuf)
                  00015fc4    00000030     app_pem3.oem3 (.text:ti_sysbios_BIOS_atExitFunc__I)
                  00015ff4    00000030     app_pem3.oem3 (.text:ti_sysbios_BIOS_startFunc__I)
                  00016024    0000002f     rom_sysbios.aem3 : rom_sysbios.obj (.text:xdc_runtime_Text_printVisFxn__I)
                  00016053    00000001     --HOLE-- [fill = 0]
                  00016054    0000002e     icall_cc2650.obj (.text:ICallPlatform_pwrDispenseImpl$1)
                  00016082    0000002e     icall_cc2650.obj (.text:ICallPlatform_pwrRequireImpl$1)
                  000160b0    0000002e     drivers_cc13x0.aem3 : CryptoCC26XX.oem3 (.text:cryptoTransactionPend)
                  000160de    0000002c     maclib_secure.a : fh_ie.obj (.text:FHIE_getExcludedChannelControl$56)
                  0001610a    00000002     --HOLE-- [fill = 0]
                  0001610c    0000002c                     : fh_sm.obj (.text:FSM_transaction_debug)
                  00016138    0000002c     driverlib.lib : osc.obj (.text:NOROM_OSCClockSourceGet)
                  00016164    0000002c                   : rfc.obj (.text:NOROM_RFCCPEPatchReset)
                  00016190    0000002c     drivers_cc13x0.aem3 : PINCC26XX.oem3 (.text:PINCC26XX_setMux)
                  000161bc    0000002c     dpl_cc13x0.aem3 : SemaphoreP_tirtos.oem3 (.text:SemaphoreP_constructBinary)
                  000161e8    0000002c     uart_printf.obj (.text:UartPrintf_putch)
                  00016214    0000002c     rf_multiMode_cc13x0.aem3 : RFCC26XX_multiMode.oem3 (.text:clkPowerUpFxn)
                  00016240    0000002c     nvocop.obj (.text:findOffset$28)
                  0001626c    0000002c     mac_pib.obj (.text:macPibReset)
                  00016298    0000002c     maclib_secure.a : mac_radio.obj (.text:macRadioSetPanCoordinator)
                  000162c4    0000002c                     : mac_symbol_timer.obj (.text:macSymbolTimerICallTimerCback$80)
                  000162f0    0000002c                     : mac_tx.obj (.text:macTxRequestCsmaRtcDelay)
                  0001631c    0000002c     osal.obj (.text:osal_msec_timer_cback$18)
                  00016348    0000002c     saddr.obj (.text:sAddrCmp)
                  00016374    0000002c     rom_sysbios.aem3 : rom_sysbios.obj (.text:ti_sysbios_knl_Clock_getTicksUntilInterrupt__E)
                  000163a0    0000002a                      : rom_sysbios.obj (.text:ti_sysbios_knl_Clock_getTimeout__E)
                  000163ca    0000002a                      : rom_sysbios.obj (.text:xdc_runtime_System_putchar__I)
                  000163f4    00000028     drivers_cc13x0.aem3 : CryptoCC26XX.oem3 (.text:CryptoCC26XX_releaseKey)
                  0001641c    00000028     maclib_secure.a : fh_mgr.obj (.text:FHMGR_macCancelFHTimer)
                  00016444    00000028     ssf.obj (.text:ICall_malloc$37)
                  0001646c    00000028     osal_pwrmgr.obj (.text:ICall_pwrUpdActivityCounter$22)
                  00016494    00000028     mac_security_pib.obj (.text:MAC_MlmeGetPointerSecurityReq)
                  000164bc    00000028     driverlib.lib : aon_batmon.obj (.text:NOROM_AONBatMonTemperatureGetDegC)
                  000164e4    00000028                   : rfc.obj (.text:NOROM_RFCDoorbellSendTo)
                  0001650c    00000028     drivers_cc13x0.aem3 : PowerCC26XX.oem3 (.text:Power_registerNotify)
                  00016534    00000028     driverlib.lib : adi.obj (.text:SafeHapiVoid)
                  0001655c    00000028     board_led.obj (.text:board_led_anyBlinking$6)
                  00016584    00000028     maclib_secure.a : mac_beacon.obj (.text:macBeaconCheckSched)
                  000165ac    00000028                     : mac_mgmt.obj (.text:macCoordAddrCmp)
                  000165d4    00000028                     : mac_mgmt.obj (.text:macGetCoordAddress)
                  000165fc    00000028                     : mac_symbol_timer.obj (.text:macSymbolTimerSetTriggerRollover)
                  00016624    00000028                     : mac_timer.obj (.text:macTimerAligned)
                  0001664c    00000028     osal_memory_icall.obj (.text:osal_mem_alloc)
                  00016674    00000028     osal_timers.obj (.text:osal_next_timeout)
                  0001669c    00000026     maclib_secure.a : fh_util.obj (.text:FHUTIL_getMaxChannels)
                  000166c2    00000026                     : fh_util.obj (.text:FHUTIL_getTxUfsi)
                  000166e8    00000026                     : mac_radio.obj (.text:radioComputeED$75)
                  0001670e    00000002     --HOLE-- [fill = 0]
                  00016710    00000024     drivers_cc13x0.aem3 : CryptoCC26XX.oem3 (.text:CryptoCC26XX_hwiIntFxn)
                  00016734    00000024     maclib_secure.a : fh_api.obj (.text:FHAPI_getTxChHoppingFunc)
                  00016758    00000024     fh_pib.obj (.text:FHPIB_getLen)
                  0001677c    00000024     rf_multiMode_cc13x0.aem3 : RFCC26XX_multiMode.oem3 (.text:allocCmd)
                  000167a0    00000024     maclib_secure.a : mac_mgmt.obj (.text:macApiPending)
                  000167c4    00000024                     : mac_device.obj (.text:macAssocFrameResponseTimeout)
                  000167e8    00000024                     : mac.obj (.text:macClientSwitchCb)
                  0001680c    00000024                     : mac_radio.obj (.text:macRadioStopScan)
                  00016830    00000024                     : mac_radio_tx.obj (.text:macRadioTxRequestTxAck)
                  00016854    00000024                     : mac_rx_onoff.obj (.text:macRxSoftDisable)
                  00016878    00000024     osal.obj (.text:osal_msg_allocate)
                  0001689c    00000024     rtsv7M3_T_le_eabi.lib : memcmp.obj (.text)
                  000168c0    00000024     app_pem3.oem3 (.text:ti_sysbios_BIOS_registerRTSLock__I)
                  000168e4    00000024     app_pem3.oem3 (.text:ti_sysbios_BIOS_removeRTSLock__I)
                  00016908    00000024     rom_sysbios.aem3 : rom_sysbios.obj (.text:ti_sysbios_family_arm_cc26xx_Timer_getMaxTicks__E)
                  0001692c    00000024                      : rom_sysbios.obj (.text:xdc_runtime_System_vprintf__E)
                  00016950    00000022     drivers_cc13x0.aem3 : List.oem3 (.text:List_put)
                  00016972    00000002     --HOLE-- [fill = 0]
                  00016974    00000020     maclib_secure.a : fh_data.obj (.text:FHDATA_updateCCA)
                  00016994    00000020                     : fh_util.obj (.text:FHUTIL_updateUcNumChannels)
                  000169b4    00000020     hal_flash_wrapper.obj (.text:HalFlashGetAddress)
                  000169d4    00000020     osal_memory_icall.obj (.text:ICall_free$21)
                  000169f4    00000020     api_mac.obj (.text:ICall_free$31)
                  00016a14    00000020     osal.obj (.text:ICall_getTicks$18)
                  00016a34    00000020     sensor.obj (.text:ICall_getTicks$36)
                  00016a54    00000020     maclib_secure.a : fh_api.obj (.text:ICall_getTicks$54)
                  00016a74    00000020                     : fh_data.obj (.text:ICall_getTicks$55)
                  00016a94    00000020                     : fh_mgr.obj (.text:ICall_getTicks$57)
                  00016ab4    00000020                     : fh_nt.obj (.text:ICall_getTicks$58)
                  00016ad4    00000020                     : fh_util.obj (.text:ICall_getTicks$60)
                  00016af4    00000020     osal.obj (.text:ICall_signal$18)
                  00016b14    00000020     maclib_secure.a : mac_symbol_timer.obj (.text:ICall_signal$80)
                  00016b34    00000020     driverlib.lib : rfc.obj (.text:NOROM_RFCAdi3VcoLdoVoltageMode)
                  00016b54    00000020     dpl_cc13x0.aem3 : PowerCC26XX_tirtos.oem3 (.text:PowerCC26XX_schedulerDisable)
                  00016b74    00000020                     : PowerCC26XX_tirtos.oem3 (.text:PowerCC26XX_schedulerRestore)
                  00016b94    00000020     drivers_cc13x0.aem3 : PowerCC26XX.oem3 (.text:Power_unregisterNotify)
                  00016bb4    00000020     board_led.obj (.text:board_led_convertLedType$6)
                  00016bd4    00000020     maclib_secure.a : mac_data.obj (.text:macDataSend)
                  00016bf4    00000020                     : mac_device.obj (.text:macPollRxDisassoc)
                  00016c14    00000020                     : mac_rx_onoff.obj (.text:macRxOff)
                  00016c34    00000020                     : mac_rx_onoff.obj (.text:macRxSoftEnable)
                  00016c54    00000020                     : mac.obj (.text:macSetCurrChan$72)
                  00016c74    00000020     osal.obj (.text:osal_memcmp)
                  00016c94    00000020     osal.obj (.text:osal_msg_push)
                  00016cb4    00000020     ssf.obj (.text:processScanBackoffTimeoutCallback$37)
                  00016cd4    00000020     app_pem3.oem3 (.text:ti_sysbios_BIOS_rtsLock__I)
                  00016cf4    00000020     rom_sysbios.aem3 : rom_sysbios.obj (.text:ti_sysbios_family_arm_cc26xx_Timer_dynamicStub__E)
                  00016d14    00000020                      : rom_sysbios.obj (.text:ti_sysbios_knl_Clock_stop__E)
                  00016d34    00000020                      : rom_sysbios.obj (.text:xdc_runtime_Registry_findById__E)
                  00016d54    0000001e     mac_pib.obj (.text:MAC_GetPHYParamReq)
                  00016d72    0000001e     drivers_cc13x0.aem3 : PINCC26XX.oem3 (.text:PIN_close)
                  00016d90    0000001e                         : PowerCC26XX.oem3 (.text:Power_getTransitionLatency)
                  00016dae    0000001e     mac_pib.obj (.text:macPibIndex)
                  00016dcc    0000001e     maclib_secure.a : mac_scan.obj (.text:macScanFailedInProgress)
                  00016dea    0000001e                     : mac_timer.obj (.text:macTimerRemoveTimer)
                  00016e08    0000001c                     : fh_api.obj (.text:FHAPI_setStateCb)
                  00016e24    0000001c     fh_pib.obj (.text:FHPIB_getIndex$7)
                  00016e40    0000001c     osal.obj (.text:ICall_abort$18)
                  00016e5c    0000001c     osaltasks.obj (.text:ICall_abort$26)
                  00016e78    0000001c     driverlib.lib : chipinfo.obj (.text:NOROM_ChipInfo_GetChipFamily)
                  00016e94    0000001c                   : flash.obj (.text:NOROM_FlashProgram)
                  00016eb0    0000001c                   : flash.obj (.text:NOROM_FlashSectorErase)
                  00016ecc    0000001c     drivers_cc13x0.aem3 : PINCC26XX.oem3 (.text:PINCC26XX_setIoCfgMux)
                  00016ee8    0000001c                         : PINCC26XX.oem3 (.text:PIN_hwi)
                  00016f04    0000001c     rf_multiMode_cc13x0.aem3 : RFCC26XX_multiMode.oem3 (.text:RF_setPowerConstraint)
                  00016f20    0000001c     ssf.obj (.text:Ssf_stateChangeUpdate)
                  00016f3c    0000001c     util.obj (.text:Util_clearEvent)
                  00016f58    0000001c     util.obj (.text:Util_setEvent)
                  00016f74    0000001c     rf_multiMode_cc13x0.aem3 : RFCC26XX_multiMode.oem3 (.text:clkInactivityFxn)
                  00016f90    0000001c     nvocop.obj (.text:enableCache$28)
                  00016fac    0000001c     rf_multiMode_cc13x0.aem3 : RFCC26XX_multiMode.oem3 (.text:hwiFxnCpe0ChangePhy)
                  00016fc8    0000001c     maclib_secure.a : mac_mgmt.obj (.text:macConflictSyncLossInd)
                  00016fe4    0000001c                     : mac_mcu.obj (.text:macMcuTimerCapture)
                  00017000    0000001c                     : mac_radio.obj (.text:macRadioSetRE)
                  0001701c    0000001c                     : mac_rx.obj (.text:macRxAckTxDoneCallback)
                  00017038    0000001c                     : mac_device.obj (.text:macStartResponseTimer)
                  00017054    0000001c                     : mac_symbol_timer.obj (.text:macSymbolTimerPowerDown)
                  00017070    0000001c                     : mac_timer.obj (.text:macTimer)
                  0001708c    0000001c     osal.obj (.text:osal_proxy2alien$18)
                  000170a8    0000001c     ssf.obj (.text:processPollTimeoutCallback$37)
                  000170c4    0000001c     ssf.obj (.text:processReadingTimeoutCallback$37)
                  000170e0    0000001c     maclib_secure.a : mac_rx.obj (.text:rxDone$77)
                  000170fc    0000001c     saddr.obj (.text:sAddrExtCmp)
                  00017118    0000001c     rom_sysbios.aem3 : rom_sysbios.obj (.text:ti_sysbios_knl_Swi_construct2__E)
                  00017134    0000001a     api_mac.obj (.text:copyApiMacAddrToMacAddr)
                  0001714e    0000001a     maclib_secure.a : mac_low_level.obj (.text:macLowLevelDiags)
                  00017168    0000001a     rom_sysbios.aem3 : rom_sysbios_config.obj (.text:xdc_runtime_System_printf__E)
                  00017182    00000002     --HOLE-- [fill = 0]
                  00017184    00000018     api_mac.obj (.text:ApiMac_mlmeSetReqBool)
                  0001719c    00000018     api_mac.obj (.text:ApiMac_mlmeSetReqUint16)
                  000171b4    00000018     api_mac.obj (.text:ApiMac_mlmeSetReqUint8)
                  000171cc    00000018     hal_aes.obj (.text:HalAesInit)
                  000171e4    00000018     icall_cc2650.obj (.text:ICallPlatform_pwrDispense)
                  000171fc    00000018     icall_cc2650.obj (.text:ICallPlatform_pwrRequire)
[...]
20000bf4  macDataTxBeaconComplete                                                   
20000bf8  macDataCheckTxTime                                                        
20000bfc  macDataBeaconRequeue                                                      
20000c00  macData                                                                   
20000c10  enhancedAckBuf                                                            
20000d0c  Ssf_resetReseason                                                         
20000d10  Ssf_resetCount                                                            
20000e38  pinUpperBound                                                             
20000e3c  pinLowerBound                                                             
20000ed0  pinHandleTable                                                            
20000f4c  PowerCC26XX_module                                                        
20001060  macAddrSize                                                               
20001064  FHNT_Dbg                                                                  
2000106c  FHNT_hnd                                                                  
2000109c  FHNT_tempTable                                                            
200010ee  FHNT_tableOpt                                                             
20001168  RF_cmdRat                                                                 
20001170  RF_cmdNop                                                                 
20001180  RF_cmdFs                                                                  
20001198  RF_cmdPropCs                                                              
200011b4  RF_cmdPropCsSlotted                                                       
200011d0  RF_cmdPropTxAdv                                                           
200011f0  RF_cmdPropRadioDivSetup                                                   
20001218  RF_cmdPropRxAdv                                                           
2000124a  Sensor_events                                                             
20001298  Sensor_msgStats                                                           
2000130c  initBroadcastMsg                                                          
2000130e  parentFound                                                               
20001316  Jdllc_events                                                              
20001338  Jdllc_statistics                                                          
200013b8  macPanCoordinator                                                         
200013b9  macMgmt                                                                   
200013bc  macMgmtAction2                                                            
200013d0  macMgmtAction1                                                            
200013f8  fhObject                                                                  
20001460  ICall_enterCriticalSection                                                
20001464  ICall_leaveCriticalSection                                                
2000147c  HEAPMGR_SIZE                                                              
20001480  ICall_dispatcher                                                          
200014e4  macTaskId                                                                 
200014e8  macMain                                                                   
200014f4  macStateTbl                                                               
20001508  macReset                                                                  
20001524  macActionSet                                                              
20001548  macReqAccessTimeCnt                                                       
20001549  reqAccessAlloc                                                            
2000154c  rxCmdHandle                                                               
2000154e  fsCmdHandle                                                               
20001554  lastPostCmd                                                               
20001558  macSfdDetectCback                                                         
20001560  macTxTimestamp                                                            
20001564  pMacRadioConfig                                                           
20001568  rfDrvTblPtr                                                               
2000156c  pRfPropTable                                                              
20001570  pRfPropTableOld                                                           
20001574  pMacRfAntSwitchSel                                                        
20001578  pMacRfAntPwrSel                                                           
20001588  macRxOutput                                                               
20001594  macFrmFilter                                                              
200016b0  FH_FSM                                                                    
200016bc  FHFSM_Dbg                                                                 
2000174c  ti_sysbios_knl_Task_Object__table__V                                      
20001798  ti_sysbios_family_arm_cc26xx_Timer_Object__table__V                       
200017e0  macBeaconMargin                                                           
20001800  macBeacon                                                                 
20001820  ti_sysbios_gates_GateMutex_Object__table__V                               
20001859  osal_entity                                                               
20001860  osal_qHead                                                                
20001864  osal_eventloop_hook                                                       
20001868  osal_icallMsg_hook                                                        
2000186c  osal_semaphore                                                            
20001870  osal_last_timestamp                                                       
20001874  osal_tickperiod                                                           
20001878  osal_max_msecs                                                            
20001888  macPhyChannel                                                             
20001889  macUnitBackoffPeriod                                                      
2000188e  macPhyTxPower                                                             
20001894  RF_handle                                                                 
2000189c  RF_params                                                                 
200018b8  txCmdHandle                                                               
200018bc  pMacEnhancedAck                                                           
200018c0  macRadioAckFrame                                                          
200018c8  macAckTimer                                                               
200018e8  ti_sysbios_knl_Swi_Module_State_0_readyQ__A                               
20001918  ti_sysbios_knl_Swi_Object__table__V                                       
20001948  ti_sysbios_knl_Task_Module_State_0_readyQ__A                              
20001978  macTxSlottedDelay                                                         
20001979  macTxSlottedDelayFactor                                                   
2000197a  macTxType                                                                 
2000197b  txAckReq                                                                  
2000197c  macTxBe                                                                   
20001982  macTxCsmaBackoffDelay                                                     
20001984  macCsmaRtcTimerId                                                         
20001988  macAckDbg                                                                 
2000199c  ti_sysbios_knl_Clock_Object__table__V                                     
200019bc  xdc_runtime_Error_IgnoreBlock                                             
200019dc  macSpecUsecsPerSymbol                                                     
200019e0  macPrevPeriodRatCount                                                     
200019e4  macSymbolTimerRollover                                                    
200019e8  macSymbolTimerTrigger                                                     
200019f4  ti_sysbios_family_arm_m3_Hwi_Object__table__V                             
20001a0c  ti_sysbios_heaps_HeapMem_Object__table__V                                 
20001a24  ApiMac_appEntity                                                          
20001a30  ApiMac_extAddr                                                            
20001a38  timerUnalignedQ                                                           
20001a3c  timerAlignedQ                                                             
20001a4c  lastRatChanA                                                              
20001a4d  lastRatChanB                                                              
20001a4e  macRxCmdActive                                                            
20001a4f  macTxCmdActive                                                            
20001a50  macFsCmdActive                                                            
20001a52  macReqAccessCnt                                                           
20001a54  macReqAccErrCnt                                                           
20001a56  numRfCmd                                                                  
20001a57  numRxCmd                                                                  
20001a58  numRxPostCmd                                                              
20001a5a  macRadioFreeCnt                                                           
20001a5c  AppTaskId                                                                 
20001a60  pMacCbackQueryRetransmit                                                  
20001a64  pMacCbackCheckPending                                                     
20001a6c  OSAL_timeSeconds                                                          
20001a74  sector_addr                                                               
20001a80  _lock                                                                     
20001a84  _unlock                                                                   
20001a88  ti_sysbios_family_arm_m3_Hwi_Module__root__V                              
20001a90  ti_sysbios_gates_GateHwi_Module__root__V                                  
20001a98  ti_sysbios_gates_GateMutex_Module__root__V                                
20001aa0  ti_sysbios_hal_Hwi_Module__root__V                                        
20001aa8  ti_sysbios_heaps_HeapMem_Module__root__V                                  
20001ab0  ti_sysbios_knl_Clock_Module__root__V                                      
20001ab8  ti_sysbios_knl_Mailbox_Module__root__V                                    
20001ac0  ti_sysbios_knl_Queue_Module__root__V                                      
20001ac8  ti_sysbios_knl_Semaphore_Module__root__V                                  
20001ad0  ti_sysbios_knl_Swi_Module__root__V                                        
20001ad8  ti_sysbios_knl_Task_Module__root__V                                       
20001ae0  xdc_runtime_Registry_Module__state__V                                     
20001ae8  pwrmgr_initialized                                                        
20001aea  pwrmgr_attribute                                                          
20001af4  pOverridesTable                                                           
20001af8  main_func_sp                                                              
20001afc  ti_sysbios_family_arm_m3_Hwi_Module_State_0_excContext__A                 
20001b00  ti_sysbios_family_arm_m3_Hwi_Module_State_0_excStack__A                   
20001b04  ti_sysbios_knl_Task_Module_State_0_idleTask__A                            
20001b08  macRadioYielded                                                           
20001b09  bInSwi                                                                    
20001b0a  ti_sysbios_family_arm_m3_Hwi_Module_State_0_excActive__A                  
20001b10  ti_sysbios_heaps_HeapMem_Instance_State_0_buf__A                          
200024d8  ti_sysbios_knl_Task_Instance_State_0_stack__A                             
200026d8  uartCC26XXObjects                                                         
20002804  macSecurityPib                                                            
200029c8  ti_sysbios_family_arm_m3_Hwi_dispatchTable                                
20002a90  FH_txTiming                                                               
20002ac4  FH_hnd                                                                    
20002b4c  FHPIB_db                                                                  
20002bd4  cryptoCC26XXObjects                                                       
20002c68  macDevice                                                                 
20002ccc  macScanAction                                                             
20002d48  macBeaconDevice                                                           
20002d7c  uartCC26XXRingBuffer                                                      
20002dbc  rxFhRsl                                                                   
20002dbd  macRxFilter                                                               
20002dbe  rxPromiscuousMode                                                         
20002dca  macRxDataEntryOffset                                                      
20002dd0  rxRadioBufferPtr                                                          
20002ddc  macRxDataEntryQueue                                                       
20002e4c  PowerCC26XX_taskKey                                                       
20002e50  PowerCC26XX_swiKey                                                        
20002e54  timerHead                                                                 
20002e5c  cryptoDrvTblPtr                                                           
20002e60  Crypto_handle                                                             
20002e70  ClockP_tickPeriod                                                         
20002e74  comp_time                                                                 
20002e78  tasksEvents                                                               
20002e80  bc_event                                                                  
20002e83  driverlib_release_0_49471                                                 
20002e84  g_hwiInt                                                                  
20002e85  macPwr                                                                    
20002e86  macRxActive                                                               
20002e87  macRxEnableFlags                                                          
20002e88  macRxOutgoingAckFlag                                                      
20002e89  macSymbolTimerImpending                                                   
20002e8a  macTxActive                                                               
20002e8b  heapStart                                                                 
20004b00  __stack                                                                   
20004b00  heapEnd                                                                   
20005000  __STACK_END                                                               
20005000  __STACK_TOP                                                               
e000e000  ti_sysbios_family_arm_m3_Hwi_nvic                                         
ffffffff  __TI_pprof_out_hndl                                                       
ffffffff  __TI_prof_data_size                                                       
ffffffff  __TI_prof_data_start                                                      
ffffffff  __binit__                                                                 
ffffffff  __c_args__                                                                
ffffffff  binit                                                                     
UNDEFED   ClockP_getSystemTicks                                                     
UNDEFED   HwiP_restore                                                              
UNDEFED   SHT$$INIT_ARRAY$$Base                                                     
UNDEFED   SHT$$INIT_ARRAY$$Limit                                                    
UNDEFED   SwiP_restore                                                              
UNDEFED   ti_sysbios_BIOS_RtsGateProxy_Handle__label__S__mangled__                  
UNDEFED   ti_sysbios_BIOS_RtsGateProxy_Params__init__S__mangled__                   
UNDEFED   ti_sysbios_BIOS_RtsGateProxy_query__E__mangled__                          
UNDEFED   ti_sysbios_hal_Hwi_HwiProxy_Module__startupDone__S__mangled__             
UNDEFED   ti_sysbios_hal_Hwi_HwiProxy_Params__init__S__mangled__                    
UNDEFED   ti_sysbios_hal_Hwi_HwiProxy_disableInterrupt__E__mangled__                
UNDEFED   ti_sysbios_hal_Hwi_HwiProxy_enableInterrupt__E__mangled__                 
UNDEFED   ti_sysbios_hal_Hwi_HwiProxy_getStackInfo__E__mangled__                    
UNDEFED   ti_sysbios_hal_Hwi_HwiProxy_startup__E__mangled__                         
UNDEFED   ti_sysbios_hal_Hwi_HwiProxy_switchFromBootStack__E__mangled__             
UNDEFED   ti_sysbios_hal_Hwi_disableInterrupt__E                                    
UNDEFED   ti_sysbios_hal_Hwi_enableInterrupt__E                                     
UNDEFED   ti_sysbios_hal_Hwi_getStackInfo__E                                        
UNDEFED   ti_sysbios_hal_Hwi_startup__E                                             
UNDEFED   ti_sysbios_hal_Hwi_switchFromBootStack__E                                 
UNDEFED   ti_sysbios_heaps_HeapMem_Module_GateProxy_Handle__label__S__mangled__     
UNDEFED   ti_sysbios_heaps_HeapMem_Module_GateProxy_Params__init__S__mangled__      
UNDEFED   ti_sysbios_heaps_HeapMem_Module_GateProxy_query__E__mangled__             
UNDEFED   ti_sysbios_knl_Clock_TimerProxy_Module__startupDone__S__mangled__         
UNDEFED   ti_sysbios_knl_Clock_TimerProxy_startup__E__mangled__                     
UNDEFED   ti_sysbios_knl_Task_SupportProxy_Module__startupDone__S__mangled__        
UNDEFED   ti_sysbios_knl_Task_SupportProxy_getStackAlignment__E__mangled__          
UNDEFED   ti_sysbios_knl_Task_SupportProxy_start__E__mangled__                      
UNDEFED   ti_sysbios_knl_Task_SupportProxy_swap__E__mangled__                       
UNDEFED   xdc_runtime_Main_Module_GateProxy_Handle__label__S                        
UNDEFED   xdc_runtime_Main_Module_GateProxy_query__E                                
UNDEFED   xdc_runtime_Memory_HeapProxy_Handle__label__S__mangled__                  
UNDEFED   xdc_runtime_System_Module_GateProxy_Handle__label__S__mangled__           
UNDEFED   xdc_runtime_System_Module_GateProxy_query__E__mangled__                   
UNDEFED   xdc_runtime_System_SupportProxy_abort__E                                  
UNDEFED   xdc_runtime_System_SupportProxy_exit__E                                   
UNDEFED   xdc_runtime_Timestamp_SupportProxy_get64__E__mangled__                    
UNDEFED   xdc_runtime_Timestamp_SupportProxy_getFreq__E__mangled__                  
UNDEFED   xdc_runtime_Timestamp_get32__E                                            
UNDEFED   xdc_runtime_Timestamp_get64__E                                            
UNDEFED   xdc_runtime_Timestamp_getFreq__E                                          

[1392 symbols]
